
 Network joao-bittencourt-php_rinha  Creating
 Network joao-bittencourt-php_rinha  Created
 Container joao-bittencourt-php-app2-1  Creating
 Container joao-bittencourt-php-db-1  Creating
 Container joao-bittencourt-php-app1-1  Creating
 Container joao-bittencourt-php-app1-1  Created
 Container joao-bittencourt-php-app2-1  Created
 Container joao-bittencourt-php-nginx-1  Creating
 Container joao-bittencourt-php-db-1  Created
 Container joao-bittencourt-php-nginx-1  Created
Attaching to app1-1, app2-1, db-1, nginx-1
app2-1  | Cannot load Zend OPcache - it was already loaded
db-1    | 2025-08-18 21:39:43+00:00 [Note] [Entrypoint]: Entrypoint script for MySQL Server 8.0.36-1.el8 started.
app1-1  | Cannot load Zend OPcache - it was already loaded
app2-1  | [18-Aug-2025 21:39:43] NOTICE: fpm is running, pid 1
app2-1  | [18-Aug-2025 21:39:43] NOTICE: ready to handle connections
app1-1  | [18-Aug-2025 21:39:43] NOTICE: fpm is running, pid 1
app1-1  | [18-Aug-2025 21:39:43] NOTICE: ready to handle connections
nginx-1  | /docker-entrypoint.sh: /docker-entrypoint.d/ is not empty, will attempt to perform configuration
nginx-1  | /docker-entrypoint.sh: Looking for shell scripts in /docker-entrypoint.d/
nginx-1  | /docker-entrypoint.sh: Launching /docker-entrypoint.d/10-listen-on-ipv6-by-default.sh
nginx-1  | 10-listen-on-ipv6-by-default.sh: info: Getting the checksum of /etc/nginx/conf.d/default.conf
nginx-1  | 10-listen-on-ipv6-by-default.sh: info: /etc/nginx/conf.d/default.conf differs from the packaged version
nginx-1  | /docker-entrypoint.sh: Sourcing /docker-entrypoint.d/15-local-resolvers.envsh
nginx-1  | /docker-entrypoint.sh: Launching /docker-entrypoint.d/20-envsubst-on-templates.sh
nginx-1  | /docker-entrypoint.sh: Launching /docker-entrypoint.d/30-tune-worker-processes.sh
nginx-1  | /docker-entrypoint.sh: Configuration complete; ready for start up
nginx-1  | 2025/08/18 21:39:44 [notice] 1#1: using the "epoll" event method
nginx-1  | 2025/08/18 21:39:44 [notice] 1#1: nginx/1.29.1
nginx-1  | 2025/08/18 21:39:44 [notice] 1#1: built by gcc 14.2.0 (Alpine 14.2.0) 
nginx-1  | 2025/08/18 21:39:44 [notice] 1#1: OS: Linux 6.14.0-1010-aws
nginx-1  | 2025/08/18 21:39:44 [notice] 1#1: getrlimit(RLIMIT_NOFILE): 1048576:1048576
nginx-1  | 2025/08/18 21:39:44 [notice] 1#1: start worker processes
nginx-1  | 2025/08/18 21:39:44 [notice] 1#1: start worker process 29
nginx-1  | 2025/08/18 21:39:44 [notice] 1#1: start worker process 30
nginx-1  | 2025/08/18 21:39:44 [notice] 1#1: start worker process 31
nginx-1  | 2025/08/18 21:39:44 [notice] 1#1: start worker process 32
db-1     | 2025-08-18 21:39:44+00:00 [Note] [Entrypoint]: Switching to dedicated user 'mysql'
db-1     | 2025-08-18 21:39:44+00:00 [Note] [Entrypoint]: Entrypoint script for MySQL Server 8.0.36-1.el8 started.
db-1     | 2025-08-18 21:39:44+00:00 [Note] [Entrypoint]: Initializing database files
db-1     | 2025-08-18T21:39:44.577795Z 0 [Warning] [MY-011068] [Server] The syntax '--skip-host-cache' is deprecated and will be removed in a future release. Please use SET GLOBAL host_cache_size=0 instead.
db-1     | 2025-08-18T21:39:44.578874Z 0 [Warning] [MY-010918] [Server] 'default_authentication_plugin' is deprecated and will be removed in a future release. Please use authentication_policy instead.
db-1     | 2025-08-18T21:39:44.579795Z 0 [System] [MY-013169] [Server] /usr/sbin/mysqld (mysqld 8.0.36) initializing of server in progress as process 80
db-1     | 2025-08-18T21:39:44.597734Z 0 [Warning] [MY-013907] [InnoDB] Deprecated configuration parameters innodb_log_file_size and/or innodb_log_files_in_group have been used to compute innodb_redo_log_capacity=33554432. Please use innodb_redo_log_capacity instead.
db-1     | 2025-08-18T21:39:44.606340Z 1 [System] [MY-013576] [InnoDB] InnoDB initialization has started.
db-1     | 2025-08-18T21:39:45.298508Z 1 [System] [MY-013577] [InnoDB] InnoDB initialization has ended.
db-1     | 2025-08-18T21:39:46.869360Z 6 [Warning] [MY-010453] [Server] root@localhost is created with an empty password ! Please consider switching off the --initialize-insecure option.
db-1     | 2025-08-18T21:39:47.109490Z 6 [Warning] [MY-013360] [Server] Plugin mysql_native_password reported: ''mysql_native_password' is deprecated and will be removed in a future release. Please use caching_sha2_password instead'
app1-1   | 172.21.0.5 -  18/Aug/2025:21:39:47 +0000 "GET /payments-summary" 500
db-1     | 2025-08-18 21:39:50+00:00 [Note] [Entrypoint]: Database files initialized
db-1     | 2025-08-18 21:39:50+00:00 [Note] [Entrypoint]: Starting temporary server
db-1     | 2025-08-18T21:39:50.741799Z 0 [Warning] [MY-011068] [Server] The syntax '--skip-host-cache' is deprecated and will be removed in a future release. Please use SET GLOBAL host_cache_size=0 instead.
db-1     | 2025-08-18T21:39:50.744049Z 0 [Warning] [MY-010918] [Server] 'default_authentication_plugin' is deprecated and will be removed in a future release. Please use authentication_policy instead.
db-1     | 2025-08-18T21:39:50.744074Z 0 [System] [MY-010116] [Server] /usr/sbin/mysqld (mysqld 8.0.36) starting as process 124
db-1     | 2025-08-18T21:39:50.779817Z 0 [Warning] [MY-013907] [InnoDB] Deprecated configuration parameters innodb_log_file_size and/or innodb_log_files_in_group have been used to compute innodb_redo_log_capacity=33554432. Please use innodb_redo_log_capacity instead.
db-1     | 2025-08-18T21:39:50.789943Z 1 [System] [MY-013576] [InnoDB] InnoDB initialization has started.
db-1     | 2025-08-18T21:39:50.999449Z 0 [ERROR] [MY-011065] [Server] Unable to determine if daemon is running: Inappropriate ioctl for device (rc=0).
db-1     | 2025-08-18T21:39:50.999457Z 0 [ERROR] [MY-010946] [Server] Failed to start mysqld daemon. Check mysqld error log.
db-1     | 2025-08-18 21:39:51+00:00 [ERROR] [Entrypoint]: Unable to start server.
[Kdb-1 exited with code 1
db-1     | 2025-08-18 21:39:51+00:00 [Note] [Entrypoint]: Entrypoint script for MySQL Server 8.0.36-1.el8 started.
db-1     | 2025-08-18 21:39:51+00:00 [Note] [Entrypoint]: Switching to dedicated user 'mysql'
db-1     | 2025-08-18 21:39:51+00:00 [Note] [Entrypoint]: Entrypoint script for MySQL Server 8.0.36-1.el8 started.
db-1     | '/var/lib/mysql/mysql.sock' -> '/var/run/mysqld/mysqld.sock'
db-1     | 2025-08-18T21:39:52.355288Z 0 [Warning] [MY-011068] [Server] The syntax '--skip-host-cache' is deprecated and will be removed in a future release. Please use SET GLOBAL host_cache_size=0 instead.
db-1     | 2025-08-18T21:39:52.357001Z 0 [Warning] [MY-010918] [Server] 'default_authentication_plugin' is deprecated and will be removed in a future release. Please use authentication_policy instead.
db-1     | 2025-08-18T21:39:52.357989Z 0 [System] [MY-010116] [Server] /usr/sbin/mysqld (mysqld 8.0.36) starting as process 1
db-1     | 2025-08-18T21:39:52.372291Z 0 [Warning] [MY-013907] [InnoDB] Deprecated configuration parameters innodb_log_file_size and/or innodb_log_files_in_group have been used to compute innodb_redo_log_capacity=33554432. Please use innodb_redo_log_capacity instead.
db-1     | 2025-08-18T21:39:52.381212Z 1 [System] [MY-013576] [InnoDB] InnoDB initialization has started.
[Kdb-1 exited with code 137
db-1     | 2025-08-18 21:39:52+00:00 [Note] [Entrypoint]: Entrypoint script for MySQL Server 8.0.36-1.el8 started.
db-1     | 2025-08-18 21:39:53+00:00 [Note] [Entrypoint]: Switching to dedicated user 'mysql'
db-1     | 2025-08-18 21:39:53+00:00 [Note] [Entrypoint]: Entrypoint script for MySQL Server 8.0.36-1.el8 started.
db-1     | '/var/lib/mysql/mysql.sock' -> '/var/run/mysqld/mysqld.sock'
app1-1   | 172.21.0.5 -  18/Aug/2025:21:39:52 +0000 "GET /payments-summary" 500
db-1     | 2025-08-18T21:39:53.997734Z 0 [Warning] [MY-011068] [Server] The syntax '--skip-host-cache' is deprecated and will be removed in a future release. Please use SET GLOBAL host_cache_size=0 instead.
db-1     | 2025-08-18T21:39:53.999386Z 0 [Warning] [MY-010918] [Server] 'default_authentication_plugin' is deprecated and will be removed in a future release. Please use authentication_policy instead.
db-1     | 2025-08-18T21:39:54.000356Z 0 [System] [MY-010116] [Server] /usr/sbin/mysqld (mysqld 8.0.36) starting as process 1
db-1     | 2025-08-18T21:39:54.014316Z 0 [Warning] [MY-013907] [InnoDB] Deprecated configuration parameters innodb_log_file_size and/or innodb_log_files_in_group have been used to compute innodb_redo_log_capacity=33554432. Please use innodb_redo_log_capacity instead.
db-1     | 2025-08-18T21:39:54.023519Z 1 [System] [MY-013576] [InnoDB] InnoDB initialization has started.
[Kdb-1 exited with code 137
db-1     | 2025-08-18 21:39:54+00:00 [Note] [Entrypoint]: Entrypoint script for MySQL Server 8.0.36-1.el8 started.
db-1     | 2025-08-18 21:39:55+00:00 [Note] [Entrypoint]: Switching to dedicated user 'mysql'
db-1     | 2025-08-18 21:39:55+00:00 [Note] [Entrypoint]: Entrypoint script for MySQL Server 8.0.36-1.el8 started.
db-1     | '/var/lib/mysql/mysql.sock' -> '/var/run/mysqld/mysqld.sock'
db-1     | 2025-08-18T21:39:55.785862Z 0 [Warning] [MY-011068] [Server] The syntax '--skip-host-cache' is deprecated and will be removed in a future release. Please use SET GLOBAL host_cache_size=0 instead.
db-1     | 2025-08-18T21:39:55.787530Z 0 [Warning] [MY-010918] [Server] 'default_authentication_plugin' is deprecated and will be removed in a future release. Please use authentication_policy instead.
db-1     | 2025-08-18T21:39:55.788600Z 0 [System] [MY-010116] [Server] /usr/sbin/mysqld (mysqld 8.0.36) starting as process 1
db-1     | 2025-08-18T21:39:55.802830Z 0 [Warning] [MY-013907] [InnoDB] Deprecated configuration parameters innodb_log_file_size and/or innodb_log_files_in_group have been used to compute innodb_redo_log_capacity=33554432. Please use innodb_redo_log_capacity instead.
db-1     | 2025-08-18T21:39:55.812166Z 1 [System] [MY-013576] [InnoDB] InnoDB initialization has started.
[Kdb-1 exited with code 137
db-1     | 2025-08-18 21:39:56+00:00 [Note] [Entrypoint]: Entrypoint script for MySQL Server 8.0.36-1.el8 started.
db-1     | 2025-08-18 21:39:57+00:00 [Note] [Entrypoint]: Switching to dedicated user 'mysql'
db-1     | 2025-08-18 21:39:57+00:00 [Note] [Entrypoint]: Entrypoint script for MySQL Server 8.0.36-1.el8 started.
db-1     | '/var/lib/mysql/mysql.sock' -> '/var/run/mysqld/mysqld.sock'
db-1     | 2025-08-18T21:39:57.984118Z 0 [Warning] [MY-011068] [Server] The syntax '--skip-host-cache' is deprecated and will be removed in a future release. Please use SET GLOBAL host_cache_size=0 instead.
db-1     | 2025-08-18T21:39:57.985849Z 0 [Warning] [MY-010918] [Server] 'default_authentication_plugin' is deprecated and will be removed in a future release. Please use authentication_policy instead.
db-1     | 2025-08-18T21:39:57.987013Z 0 [System] [MY-010116] [Server] /usr/sbin/mysqld (mysqld 8.0.36) starting as process 1
db-1     | 2025-08-18T21:39:58.001041Z 0 [Warning] [MY-013907] [InnoDB] Deprecated configuration parameters innodb_log_file_size and/or innodb_log_files_in_group have been used to compute innodb_redo_log_capacity=33554432. Please use innodb_redo_log_capacity instead.
db-1     | 2025-08-18T21:39:58.010042Z 1 [System] [MY-013576] [InnoDB] InnoDB initialization has started.
[Kdb-1 exited with code 137
db-1     | 2025-08-18 21:39:59+00:00 [Note] [Entrypoint]: Entrypoint script for MySQL Server 8.0.36-1.el8 started.
db-1     | 2025-08-18 21:40:00+00:00 [Note] [Entrypoint]: Switching to dedicated user 'mysql'
db-1     | 2025-08-18 21:40:00+00:00 [Note] [Entrypoint]: Entrypoint script for MySQL Server 8.0.36-1.el8 started.
db-1     | '/var/lib/mysql/mysql.sock' -> '/var/run/mysqld/mysqld.sock'
db-1     | 2025-08-18T21:40:00.995181Z 0 [Warning] [MY-011068] [Server] The syntax '--skip-host-cache' is deprecated and will be removed in a future release. Please use SET GLOBAL host_cache_size=0 instead.
db-1     | 2025-08-18T21:40:00.996855Z 0 [Warning] [MY-010918] [Server] 'default_authentication_plugin' is deprecated and will be removed in a future release. Please use authentication_policy instead.
db-1     | 2025-08-18T21:40:00.997846Z 0 [System] [MY-010116] [Server] /usr/sbin/mysqld (mysqld 8.0.36) starting as process 1
db-1     | 2025-08-18T21:40:01.012028Z 0 [Warning] [MY-013907] [InnoDB] Deprecated configuration parameters innodb_log_file_size and/or innodb_log_files_in_group have been used to compute innodb_redo_log_capacity=33554432. Please use innodb_redo_log_capacity instead.
db-1     | 2025-08-18T21:40:01.020939Z 1 [System] [MY-013576] [InnoDB] InnoDB initialization has started.
[Kdb-1 exited with code 137
app1-1   | 172.21.0.5 -  18/Aug/2025:21:39:58 +0000 "GET /payments-summary" 500
db-1     | 2025-08-18 21:40:04+00:00 [Note] [Entrypoint]: Entrypoint script for MySQL Server 8.0.36-1.el8 started.
db-1     | 2025-08-18 21:40:05+00:00 [Note] [Entrypoint]: Switching to dedicated user 'mysql'
db-1     | 2025-08-18 21:40:05+00:00 [Note] [Entrypoint]: Entrypoint script for MySQL Server 8.0.36-1.el8 started.
db-1     | '/var/lib/mysql/mysql.sock' -> '/var/run/mysqld/mysqld.sock'
db-1     | 2025-08-18T21:40:05.669790Z 0 [Warning] [MY-011068] [Server] The syntax '--skip-host-cache' is deprecated and will be removed in a future release. Please use SET GLOBAL host_cache_size=0 instead.
db-1     | 2025-08-18T21:40:05.671535Z 0 [Warning] [MY-010918] [Server] 'default_authentication_plugin' is deprecated and will be removed in a future release. Please use authentication_policy instead.
db-1     | 2025-08-18T21:40:05.672547Z 0 [System] [MY-010116] [Server] /usr/sbin/mysqld (mysqld 8.0.36) starting as process 1
db-1     | 2025-08-18T21:40:05.687333Z 0 [Warning] [MY-013907] [InnoDB] Deprecated configuration parameters innodb_log_file_size and/or innodb_log_files_in_group have been used to compute innodb_redo_log_capacity=33554432. Please use innodb_redo_log_capacity instead.
db-1     | 2025-08-18T21:40:05.696813Z 1 [System] [MY-013576] [InnoDB] InnoDB initialization has started.
[Kdb-1 exited with code 137
app1-1   | 172.21.0.5 -  18/Aug/2025:21:40:06 +0000 "GET /payments-summary" 500
db-1     | 2025-08-18 21:40:12+00:00 [Note] [Entrypoint]: Entrypoint script for MySQL Server 8.0.36-1.el8 started.
db-1     | 2025-08-18 21:40:12+00:00 [Note] [Entrypoint]: Switching to dedicated user 'mysql'
db-1     | 2025-08-18 21:40:12+00:00 [Note] [Entrypoint]: Entrypoint script for MySQL Server 8.0.36-1.el8 started.
db-1     | '/var/lib/mysql/mysql.sock' -> '/var/run/mysqld/mysqld.sock'
db-1     | 2025-08-18T21:40:13.475525Z 0 [Warning] [MY-011068] [Server] The syntax '--skip-host-cache' is deprecated and will be removed in a future release. Please use SET GLOBAL host_cache_size=0 instead.
db-1     | 2025-08-18T21:40:13.477330Z 0 [Warning] [MY-010918] [Server] 'default_authentication_plugin' is deprecated and will be removed in a future release. Please use authentication_policy instead.
db-1     | 2025-08-18T21:40:13.478314Z 0 [System] [MY-010116] [Server] /usr/sbin/mysqld (mysqld 8.0.36) starting as process 1
db-1     | 2025-08-18T21:40:13.492689Z 0 [Warning] [MY-013907] [InnoDB] Deprecated configuration parameters innodb_log_file_size and/or innodb_log_files_in_group have been used to compute innodb_redo_log_capacity=33554432. Please use innodb_redo_log_capacity instead.
db-1     | 2025-08-18T21:40:13.501319Z 1 [System] [MY-013576] [InnoDB] InnoDB initialization has started.
[Kdb-1 exited with code 137
app2-1   | 172.21.0.5 -  18/Aug/2025:21:40:14 +0000 "GET /payments-summary" 500
db-1     | 2025-08-18 21:40:26+00:00 [Note] [Entrypoint]: Entrypoint script for MySQL Server 8.0.36-1.el8 started.
db-1     | 2025-08-18 21:40:27+00:00 [Note] [Entrypoint]: Switching to dedicated user 'mysql'
db-1     | 2025-08-18 21:40:27+00:00 [Note] [Entrypoint]: Entrypoint script for MySQL Server 8.0.36-1.el8 started.
db-1     | '/var/lib/mysql/mysql.sock' -> '/var/run/mysqld/mysqld.sock'
db-1     | 2025-08-18T21:40:27.666852Z 0 [Warning] [MY-011068] [Server] The syntax '--skip-host-cache' is deprecated and will be removed in a future release. Please use SET GLOBAL host_cache_size=0 instead.
db-1     | 2025-08-18T21:40:27.668533Z 0 [Warning] [MY-010918] [Server] 'default_authentication_plugin' is deprecated and will be removed in a future release. Please use authentication_policy instead.
db-1     | 2025-08-18T21:40:27.669676Z 0 [System] [MY-010116] [Server] /usr/sbin/mysqld (mysqld 8.0.36) starting as process 1
db-1     | 2025-08-18T21:40:27.683604Z 0 [Warning] [MY-013907] [InnoDB] Deprecated configuration parameters innodb_log_file_size and/or innodb_log_files_in_group have been used to compute innodb_redo_log_capacity=33554432. Please use innodb_redo_log_capacity instead.
db-1     | 2025-08-18T21:40:27.692726Z 1 [System] [MY-013576] [InnoDB] InnoDB initialization has started.
[Kdb-1 exited with code 137
app1-1   | 172.21.0.5 -  18/Aug/2025:21:40:22 +0000 "GET /payments-summary" 500
app2-1   | 172.21.0.5 -  18/Aug/2025:21:40:31 +0000 "GET /payments-summary" 500
app1-1   | 172.21.0.5 -  18/Aug/2025:21:40:39 +0000 "GET /payments-summary" 500
app2-1   | 172.21.0.5 -  18/Aug/2025:21:40:47 +0000 "GET /payments-summary" 500
db-1     | 2025-08-18 21:40:53+00:00 [Note] [Entrypoint]: Entrypoint script for MySQL Server 8.0.36-1.el8 started.
db-1     | 2025-08-18 21:40:54+00:00 [Note] [Entrypoint]: Switching to dedicated user 'mysql'
db-1     | 2025-08-18 21:40:54+00:00 [Note] [Entrypoint]: Entrypoint script for MySQL Server 8.0.36-1.el8 started.
db-1     | '/var/lib/mysql/mysql.sock' -> '/var/run/mysqld/mysqld.sock'
db-1     | 2025-08-18T21:40:54.675331Z 0 [Warning] [MY-011068] [Server] The syntax '--skip-host-cache' is deprecated and will be removed in a future release. Please use SET GLOBAL host_cache_size=0 instead.
db-1     | 2025-08-18T21:40:54.677052Z 0 [Warning] [MY-010918] [Server] 'default_authentication_plugin' is deprecated and will be removed in a future release. Please use authentication_policy instead.
db-1     | 2025-08-18T21:40:54.678079Z 0 [System] [MY-010116] [Server] /usr/sbin/mysqld (mysqld 8.0.36) starting as process 1
db-1     | 2025-08-18T21:40:54.692199Z 0 [Warning] [MY-013907] [InnoDB] Deprecated configuration parameters innodb_log_file_size and/or innodb_log_files_in_group have been used to compute innodb_redo_log_capacity=33554432. Please use innodb_redo_log_capacity instead.
db-1     | 2025-08-18T21:40:54.701082Z 1 [System] [MY-013576] [InnoDB] InnoDB initialization has started.
[Kdb-1 exited with code 137
app1-1   | 172.21.0.5 -  18/Aug/2025:21:40:55 +0000 "GET /payments-summary" 500
app2-1   | 172.21.0.5 -  18/Aug/2025:21:41:03 +0000 "GET /payments-summary" 500
app1-1   | 172.21.0.5 -  18/Aug/2025:21:41:11 +0000 "GET /payments-summary" 500
app2-1   | 172.21.0.5 -  18/Aug/2025:21:41:19 +0000 "GET /payments-summary" 500
app1-1   | 172.21.0.5 -  18/Aug/2025:21:41:27 +0000 "GET /payments-summary" 500
nginx-1  | 2025/08/18 21:41:35 [notice] 1#1: signal 3 (SIGQUIT) received, shutting down
nginx-1  | 2025/08/18 21:41:35 [notice] 29#29: gracefully shutting down
nginx-1  | 2025/08/18 21:41:35 [notice] 29#29: exiting
nginx-1  | 2025/08/18 21:41:35 [notice] 31#31: gracefully shutting down
nginx-1  | 2025/08/18 21:41:35 [notice] 30#30: gracefully shutting down
nginx-1  | 2025/08/18 21:41:35 [notice] 31#31: exiting
nginx-1  | 2025/08/18 21:41:35 [notice] 30#30: exiting
nginx-1  | 2025/08/18 21:41:35 [notice] 29#29: exit
nginx-1  | 2025/08/18 21:41:35 [notice] 30#30: exit
nginx-1  | 2025/08/18 21:41:35 [notice] 31#31: exit
nginx-1  | 2025/08/18 21:41:35 [notice] 32#32: gracefully shutting down
nginx-1  | 2025/08/18 21:41:35 [notice] 32#32: exiting
nginx-1  | 2025/08/18 21:41:35 [notice] 32#32: exit
nginx-1  | 2025/08/18 21:41:35 [notice] 1#1: signal 17 (SIGCHLD) received from 31
nginx-1  | 2025/08/18 21:41:35 [notice] 1#1: worker process 31 exited with code 0
nginx-1  | 2025/08/18 21:41:35 [notice] 1#1: signal 29 (SIGIO) received
nginx-1  | 2025/08/18 21:41:35 [notice] 1#1: signal 17 (SIGCHLD) received from 32
nginx-1  | 2025/08/18 21:41:35 [notice] 1#1: worker process 32 exited with code 0
nginx-1  | 2025/08/18 21:41:35 [notice] 1#1: signal 29 (SIGIO) received
nginx-1  | 2025/08/18 21:41:35 [notice] 1#1: signal 17 (SIGCHLD) received from 29
nginx-1  | 2025/08/18 21:41:35 [notice] 1#1: worker process 29 exited with code 0
nginx-1  | 2025/08/18 21:41:35 [notice] 1#1: signal 29 (SIGIO) received
nginx-1  | 2025/08/18 21:41:35 [notice] 1#1: signal 17 (SIGCHLD) received from 30
nginx-1  | 2025/08/18 21:41:35 [notice] 1#1: worker process 30 exited with code 0
nginx-1  | 2025/08/18 21:41:35 [notice] 1#1: exit
[Knginx-1 exited with code 0
app1-1   | [18-Aug-2025 21:41:35] NOTICE: Finishing ...
app2-1   | [18-Aug-2025 21:41:35] NOTICE: Finishing ...
app2-1   | [18-Aug-2025 21:41:35] NOTICE: exiting, bye-bye!
app1-1   | [18-Aug-2025 21:41:35] NOTICE: exiting, bye-bye!
