
 Network joao-bittencourt-php_rinha  Creating
 Network joao-bittencourt-php_rinha  Created
 Container joao-bittencourt-php-db-1  Creating
 Container joao-bittencourt-php-app2-1  Creating
 Container joao-bittencourt-php-app1-1  Creating
 Container joao-bittencourt-php-app2-1  Created
 Container joao-bittencourt-php-app1-1  Created
 Container joao-bittencourt-php-nginx-1  Creating
 Container joao-bittencourt-php-db-1  Created
 Container joao-bittencourt-php-nginx-1  Created
Attaching to app1-1, app2-1, db-1, nginx-1
app2-1  | Cannot load Zend OPcache - it was already loaded
app1-1  | Cannot load Zend OPcache - it was already loaded
db-1    | 2025-08-18 02:52:27+00:00 [Note] [Entrypoint]: Entrypoint script for MySQL Server 8.0.36-1.el8 started.
app1-1  | [18-Aug-2025 02:52:28] NOTICE: fpm is running, pid 1
app1-1  | [18-Aug-2025 02:52:28] NOTICE: ready to handle connections
app2-1  | [18-Aug-2025 02:52:28] NOTICE: fpm is running, pid 1
app2-1  | [18-Aug-2025 02:52:28] NOTICE: ready to handle connections
nginx-1  | /docker-entrypoint.sh: /docker-entrypoint.d/ is not empty, will attempt to perform configuration
nginx-1  | /docker-entrypoint.sh: Looking for shell scripts in /docker-entrypoint.d/
nginx-1  | /docker-entrypoint.sh: Launching /docker-entrypoint.d/10-listen-on-ipv6-by-default.sh
nginx-1  | 10-listen-on-ipv6-by-default.sh: info: Getting the checksum of /etc/nginx/conf.d/default.conf
nginx-1  | 10-listen-on-ipv6-by-default.sh: info: /etc/nginx/conf.d/default.conf differs from the packaged version
nginx-1  | /docker-entrypoint.sh: Sourcing /docker-entrypoint.d/15-local-resolvers.envsh
nginx-1  | /docker-entrypoint.sh: Launching /docker-entrypoint.d/20-envsubst-on-templates.sh
nginx-1  | /docker-entrypoint.sh: Launching /docker-entrypoint.d/30-tune-worker-processes.sh
nginx-1  | /docker-entrypoint.sh: Configuration complete; ready for start up
nginx-1  | 2025/08/18 02:52:28 [notice] 1#1: using the "epoll" event method
nginx-1  | 2025/08/18 02:52:28 [notice] 1#1: nginx/1.29.1
nginx-1  | 2025/08/18 02:52:28 [notice] 1#1: built by gcc 14.2.0 (Alpine 14.2.0) 
nginx-1  | 2025/08/18 02:52:28 [notice] 1#1: OS: Linux 6.14.0-1010-aws
nginx-1  | 2025/08/18 02:52:28 [notice] 1#1: getrlimit(RLIMIT_NOFILE): 1048576:1048576
nginx-1  | 2025/08/18 02:52:28 [notice] 1#1: start worker processes
nginx-1  | 2025/08/18 02:52:28 [notice] 1#1: start worker process 29
nginx-1  | 2025/08/18 02:52:28 [notice] 1#1: start worker process 30
nginx-1  | 2025/08/18 02:52:28 [notice] 1#1: start worker process 31
nginx-1  | 2025/08/18 02:52:28 [notice] 1#1: start worker process 32
db-1     | 2025-08-18 02:52:28+00:00 [Note] [Entrypoint]: Switching to dedicated user 'mysql'
db-1     | 2025-08-18 02:52:28+00:00 [Note] [Entrypoint]: Entrypoint script for MySQL Server 8.0.36-1.el8 started.
db-1     | 2025-08-18 02:52:28+00:00 [Note] [Entrypoint]: Initializing database files
db-1     | 2025-08-18T02:52:28.712669Z 0 [Warning] [MY-011068] [Server] The syntax '--skip-host-cache' is deprecated and will be removed in a future release. Please use SET GLOBAL host_cache_size=0 instead.
db-1     | 2025-08-18T02:52:28.713611Z 0 [Warning] [MY-010918] [Server] 'default_authentication_plugin' is deprecated and will be removed in a future release. Please use authentication_policy instead.
db-1     | 2025-08-18T02:52:28.714323Z 0 [System] [MY-013169] [Server] /usr/sbin/mysqld (mysqld 8.0.36) initializing of server in progress as process 79
db-1     | 2025-08-18T02:52:28.732290Z 0 [Warning] [MY-013907] [InnoDB] Deprecated configuration parameters innodb_log_file_size and/or innodb_log_files_in_group have been used to compute innodb_redo_log_capacity=33554432. Please use innodb_redo_log_capacity instead.
db-1     | 2025-08-18T02:52:28.739460Z 1 [System] [MY-013576] [InnoDB] InnoDB initialization has started.
db-1     | 2025-08-18T02:52:29.389609Z 1 [System] [MY-013577] [InnoDB] InnoDB initialization has ended.
db-1     | 2025-08-18T02:52:31.073681Z 6 [Warning] [MY-010453] [Server] root@localhost is created with an empty password ! Please consider switching off the --initialize-insecure option.
db-1     | 2025-08-18T02:52:31.318306Z 6 [Warning] [MY-013360] [Server] Plugin mysql_native_password reported: ''mysql_native_password' is deprecated and will be removed in a future release. Please use caching_sha2_password instead'
app1-1   | 172.20.0.5 -  18/Aug/2025:02:52:32 +0000 "GET /payments-summary" 500
db-1     | 2025-08-18 02:52:34+00:00 [Note] [Entrypoint]: Database files initialized
db-1     | 2025-08-18 02:52:34+00:00 [Note] [Entrypoint]: Starting temporary server
db-1     | 2025-08-18T02:52:34.765438Z 0 [Warning] [MY-011068] [Server] The syntax '--skip-host-cache' is deprecated and will be removed in a future release. Please use SET GLOBAL host_cache_size=0 instead.
db-1     | 2025-08-18T02:52:34.767810Z 0 [Warning] [MY-010918] [Server] 'default_authentication_plugin' is deprecated and will be removed in a future release. Please use authentication_policy instead.
db-1     | 2025-08-18T02:52:34.768599Z 0 [System] [MY-010116] [Server] /usr/sbin/mysqld (mysqld 8.0.36) starting as process 123
db-1     | 2025-08-18T02:52:34.794549Z 0 [Warning] [MY-013907] [InnoDB] Deprecated configuration parameters innodb_log_file_size and/or innodb_log_files_in_group have been used to compute innodb_redo_log_capacity=33554432. Please use innodb_redo_log_capacity instead.
db-1     | 2025-08-18T02:52:34.804220Z 1 [System] [MY-013576] [InnoDB] InnoDB initialization has started.
db-1     | 2025-08-18T02:52:34.965876Z 0 [ERROR] [MY-011065] [Server] Unable to determine if daemon is running: Inappropriate ioctl for device (rc=0).
db-1     | 2025-08-18T02:52:34.965886Z 0 [ERROR] [MY-010946] [Server] Failed to start mysqld daemon. Check mysqld error log.
db-1     | 2025-08-18 02:52:35+00:00 [ERROR] [Entrypoint]: Unable to start server.
[Kdb-1 exited with code 1
db-1     | 2025-08-18 02:52:35+00:00 [Note] [Entrypoint]: Entrypoint script for MySQL Server 8.0.36-1.el8 started.
db-1     | 2025-08-18 02:52:35+00:00 [Note] [Entrypoint]: Switching to dedicated user 'mysql'
db-1     | 2025-08-18 02:52:35+00:00 [Note] [Entrypoint]: Entrypoint script for MySQL Server 8.0.36-1.el8 started.
db-1     | '/var/lib/mysql/mysql.sock' -> '/var/run/mysqld/mysqld.sock'
db-1     | 2025-08-18T02:52:36.269553Z 0 [Warning] [MY-011068] [Server] The syntax '--skip-host-cache' is deprecated and will be removed in a future release. Please use SET GLOBAL host_cache_size=0 instead.
db-1     | 2025-08-18T02:52:36.271243Z 0 [Warning] [MY-010918] [Server] 'default_authentication_plugin' is deprecated and will be removed in a future release. Please use authentication_policy instead.
db-1     | 2025-08-18T02:52:36.271974Z 0 [System] [MY-010116] [Server] /usr/sbin/mysqld (mysqld 8.0.36) starting as process 1
db-1     | 2025-08-18T02:52:36.286045Z 0 [Warning] [MY-013907] [InnoDB] Deprecated configuration parameters innodb_log_file_size and/or innodb_log_files_in_group have been used to compute innodb_redo_log_capacity=33554432. Please use innodb_redo_log_capacity instead.
db-1     | 2025-08-18T02:52:36.293440Z 1 [System] [MY-013576] [InnoDB] InnoDB initialization has started.
[Kdb-1 exited with code 137
db-1     | 2025-08-18 02:52:36+00:00 [Note] [Entrypoint]: Entrypoint script for MySQL Server 8.0.36-1.el8 started.
app1-1   | 172.20.0.5 -  18/Aug/2025:02:52:37 +0000 "GET /payments-summary" 500
db-1     | 2025-08-18 02:52:37+00:00 [Note] [Entrypoint]: Switching to dedicated user 'mysql'
db-1     | 2025-08-18 02:52:37+00:00 [Note] [Entrypoint]: Entrypoint script for MySQL Server 8.0.36-1.el8 started.
db-1     | '/var/lib/mysql/mysql.sock' -> '/var/run/mysqld/mysqld.sock'
db-1     | 2025-08-18T02:52:37.778532Z 0 [Warning] [MY-011068] [Server] The syntax '--skip-host-cache' is deprecated and will be removed in a future release. Please use SET GLOBAL host_cache_size=0 instead.
db-1     | 2025-08-18T02:52:37.780241Z 0 [Warning] [MY-010918] [Server] 'default_authentication_plugin' is deprecated and will be removed in a future release. Please use authentication_policy instead.
db-1     | 2025-08-18T02:52:37.781101Z 0 [System] [MY-010116] [Server] /usr/sbin/mysqld (mysqld 8.0.36) starting as process 1
db-1     | 2025-08-18T02:52:37.794178Z 0 [Warning] [MY-013907] [InnoDB] Deprecated configuration parameters innodb_log_file_size and/or innodb_log_files_in_group have been used to compute innodb_redo_log_capacity=33554432. Please use innodb_redo_log_capacity instead.
db-1     | 2025-08-18T02:52:37.801575Z 1 [System] [MY-013576] [InnoDB] InnoDB initialization has started.
[Kdb-1 exited with code 137
db-1     | 2025-08-18 02:52:38+00:00 [Note] [Entrypoint]: Entrypoint script for MySQL Server 8.0.36-1.el8 started.
db-1     | 2025-08-18 02:52:38+00:00 [Note] [Entrypoint]: Switching to dedicated user 'mysql'
db-1     | 2025-08-18 02:52:38+00:00 [Note] [Entrypoint]: Entrypoint script for MySQL Server 8.0.36-1.el8 started.
db-1     | '/var/lib/mysql/mysql.sock' -> '/var/run/mysqld/mysqld.sock'
db-1     | 2025-08-18T02:52:39.498332Z 0 [Warning] [MY-011068] [Server] The syntax '--skip-host-cache' is deprecated and will be removed in a future release. Please use SET GLOBAL host_cache_size=0 instead.
db-1     | 2025-08-18T02:52:39.499958Z 0 [Warning] [MY-010918] [Server] 'default_authentication_plugin' is deprecated and will be removed in a future release. Please use authentication_policy instead.
db-1     | 2025-08-18T02:52:39.500711Z 0 [System] [MY-010116] [Server] /usr/sbin/mysqld (mysqld 8.0.36) starting as process 1
db-1     | 2025-08-18T02:52:39.513583Z 0 [Warning] [MY-013907] [InnoDB] Deprecated configuration parameters innodb_log_file_size and/or innodb_log_files_in_group have been used to compute innodb_redo_log_capacity=33554432. Please use innodb_redo_log_capacity instead.
db-1     | 2025-08-18T02:52:39.520925Z 1 [System] [MY-013576] [InnoDB] InnoDB initialization has started.
[Kdb-1 exited with code 137
db-1     | 2025-08-18 02:52:40+00:00 [Note] [Entrypoint]: Entrypoint script for MySQL Server 8.0.36-1.el8 started.
db-1     | 2025-08-18 02:52:41+00:00 [Note] [Entrypoint]: Switching to dedicated user 'mysql'
db-1     | 2025-08-18 02:52:41+00:00 [Note] [Entrypoint]: Entrypoint script for MySQL Server 8.0.36-1.el8 started.
db-1     | '/var/lib/mysql/mysql.sock' -> '/var/run/mysqld/mysqld.sock'
db-1     | 2025-08-18T02:52:41.598985Z 0 [Warning] [MY-011068] [Server] The syntax '--skip-host-cache' is deprecated and will be removed in a future release. Please use SET GLOBAL host_cache_size=0 instead.
db-1     | 2025-08-18T02:52:41.600604Z 0 [Warning] [MY-010918] [Server] 'default_authentication_plugin' is deprecated and will be removed in a future release. Please use authentication_policy instead.
db-1     | 2025-08-18T02:52:41.601337Z 0 [System] [MY-010116] [Server] /usr/sbin/mysqld (mysqld 8.0.36) starting as process 1
db-1     | 2025-08-18T02:52:41.615561Z 0 [Warning] [MY-013907] [InnoDB] Deprecated configuration parameters innodb_log_file_size and/or innodb_log_files_in_group have been used to compute innodb_redo_log_capacity=33554432. Please use innodb_redo_log_capacity instead.
db-1     | 2025-08-18T02:52:41.623684Z 1 [System] [MY-013576] [InnoDB] InnoDB initialization has started.
[Kdb-1 exited with code 137
db-1     | 2025-08-18 02:52:43+00:00 [Note] [Entrypoint]: Entrypoint script for MySQL Server 8.0.36-1.el8 started.
db-1     | 2025-08-18 02:52:43+00:00 [Note] [Entrypoint]: Switching to dedicated user 'mysql'
db-1     | 2025-08-18 02:52:43+00:00 [Note] [Entrypoint]: Entrypoint script for MySQL Server 8.0.36-1.el8 started.
db-1     | '/var/lib/mysql/mysql.sock' -> '/var/run/mysqld/mysqld.sock'
db-1     | 2025-08-18T02:52:44.550410Z 0 [Warning] [MY-011068] [Server] The syntax '--skip-host-cache' is deprecated and will be removed in a future release. Please use SET GLOBAL host_cache_size=0 instead.
db-1     | 2025-08-18T02:52:44.552031Z 0 [Warning] [MY-010918] [Server] 'default_authentication_plugin' is deprecated and will be removed in a future release. Please use authentication_policy instead.
db-1     | 2025-08-18T02:52:44.552961Z 0 [System] [MY-010116] [Server] /usr/sbin/mysqld (mysqld 8.0.36) starting as process 1
db-1     | 2025-08-18T02:52:44.568579Z 0 [Warning] [MY-013907] [InnoDB] Deprecated configuration parameters innodb_log_file_size and/or innodb_log_files_in_group have been used to compute innodb_redo_log_capacity=33554432. Please use innodb_redo_log_capacity instead.
app1-1   | 172.20.0.5 -  18/Aug/2025:02:52:42 +0000 "GET /payments-summary" 500
db-1     | 2025-08-18T02:52:44.577794Z 1 [System] [MY-013576] [InnoDB] InnoDB initialization has started.
[Kdb-1 exited with code 137
db-1     | 2025-08-18 02:52:48+00:00 [Note] [Entrypoint]: Entrypoint script for MySQL Server 8.0.36-1.el8 started.
db-1     | 2025-08-18 02:52:48+00:00 [Note] [Entrypoint]: Switching to dedicated user 'mysql'
db-1     | 2025-08-18 02:52:48+00:00 [Note] [Entrypoint]: Entrypoint script for MySQL Server 8.0.36-1.el8 started.
db-1     | '/var/lib/mysql/mysql.sock' -> '/var/run/mysqld/mysqld.sock'
db-1     | 2025-08-18T02:52:49.139310Z 0 [Warning] [MY-011068] [Server] The syntax '--skip-host-cache' is deprecated and will be removed in a future release. Please use SET GLOBAL host_cache_size=0 instead.
db-1     | 2025-08-18T02:52:49.160179Z 0 [Warning] [MY-010918] [Server] 'default_authentication_plugin' is deprecated and will be removed in a future release. Please use authentication_policy instead.
db-1     | 2025-08-18T02:52:49.161191Z 0 [System] [MY-010116] [Server] /usr/sbin/mysqld (mysqld 8.0.36) starting as process 1
db-1     | 2025-08-18T02:52:49.177043Z 0 [Warning] [MY-013907] [InnoDB] Deprecated configuration parameters innodb_log_file_size and/or innodb_log_files_in_group have been used to compute innodb_redo_log_capacity=33554432. Please use innodb_redo_log_capacity instead.
db-1     | 2025-08-18T02:52:49.186180Z 1 [System] [MY-013576] [InnoDB] InnoDB initialization has started.
[Kdb-1 exited with code 137
app1-1   | 172.20.0.5 -  18/Aug/2025:02:52:49 +0000 "GET /payments-summary" 500
db-1     | 2025-08-18 02:52:55+00:00 [Note] [Entrypoint]: Entrypoint script for MySQL Server 8.0.36-1.el8 started.
db-1     | 2025-08-18 02:52:56+00:00 [Note] [Entrypoint]: Switching to dedicated user 'mysql'
db-1     | 2025-08-18 02:52:56+00:00 [Note] [Entrypoint]: Entrypoint script for MySQL Server 8.0.36-1.el8 started.
db-1     | '/var/lib/mysql/mysql.sock' -> '/var/run/mysqld/mysqld.sock'
db-1     | 2025-08-18T02:52:56.929196Z 0 [Warning] [MY-011068] [Server] The syntax '--skip-host-cache' is deprecated and will be removed in a future release. Please use SET GLOBAL host_cache_size=0 instead.
db-1     | 2025-08-18T02:52:56.930824Z 0 [Warning] [MY-010918] [Server] 'default_authentication_plugin' is deprecated and will be removed in a future release. Please use authentication_policy instead.
db-1     | 2025-08-18T02:52:56.931801Z 0 [System] [MY-010116] [Server] /usr/sbin/mysqld (mysqld 8.0.36) starting as process 1
db-1     | 2025-08-18T02:52:56.958360Z 0 [Warning] [MY-013907] [InnoDB] Deprecated configuration parameters innodb_log_file_size and/or innodb_log_files_in_group have been used to compute innodb_redo_log_capacity=33554432. Please use innodb_redo_log_capacity instead.
db-1     | 2025-08-18T02:52:56.967276Z 1 [System] [MY-013576] [InnoDB] InnoDB initialization has started.
[Kdb-1 exited with code 137
app2-1   | 172.20.0.5 -  18/Aug/2025:02:52:57 +0000 "GET /payments-summary" 500
db-1     | 2025-08-18 02:53:10+00:00 [Note] [Entrypoint]: Entrypoint script for MySQL Server 8.0.36-1.el8 started.
db-1     | 2025-08-18 02:53:10+00:00 [Note] [Entrypoint]: Switching to dedicated user 'mysql'
db-1     | 2025-08-18 02:53:10+00:00 [Note] [Entrypoint]: Entrypoint script for MySQL Server 8.0.36-1.el8 started.
app1-1   | 172.20.0.5 -  18/Aug/2025:02:53:05 +0000 "GET /payments-summary" 500
db-1     | '/var/lib/mysql/mysql.sock' -> '/var/run/mysqld/mysqld.sock'
db-1     | 2025-08-18T02:53:11.140918Z 0 [Warning] [MY-011068] [Server] The syntax '--skip-host-cache' is deprecated and will be removed in a future release. Please use SET GLOBAL host_cache_size=0 instead.
db-1     | 2025-08-18T02:53:11.142530Z 0 [Warning] [MY-010918] [Server] 'default_authentication_plugin' is deprecated and will be removed in a future release. Please use authentication_policy instead.
db-1     | 2025-08-18T02:53:11.143514Z 0 [System] [MY-010116] [Server] /usr/sbin/mysqld (mysqld 8.0.36) starting as process 1
db-1     | 2025-08-18T02:53:11.160039Z 0 [Warning] [MY-013907] [InnoDB] Deprecated configuration parameters innodb_log_file_size and/or innodb_log_files_in_group have been used to compute innodb_redo_log_capacity=33554432. Please use innodb_redo_log_capacity instead.
db-1     | 2025-08-18T02:53:11.169160Z 1 [System] [MY-013576] [InnoDB] InnoDB initialization has started.
[Kdb-1 exited with code 137
app2-1   | 172.20.0.5 -  18/Aug/2025:02:53:13 +0000 "GET /payments-summary" 500
app1-1   | 172.20.0.5 -  18/Aug/2025:02:53:21 +0000 "GET /payments-summary" 500
app2-1   | 172.20.0.5 -  18/Aug/2025:02:53:29 +0000 "GET /payments-summary" 500
db-1     | 2025-08-18 02:53:37+00:00 [Note] [Entrypoint]: Entrypoint script for MySQL Server 8.0.36-1.el8 started.
db-1     | 2025-08-18 02:53:37+00:00 [Note] [Entrypoint]: Switching to dedicated user 'mysql'
db-1     | 2025-08-18 02:53:37+00:00 [Note] [Entrypoint]: Entrypoint script for MySQL Server 8.0.36-1.el8 started.
app1-1   | 172.20.0.5 -  18/Aug/2025:02:53:37 +0000 "GET /payments-summary" 500
db-1     | '/var/lib/mysql/mysql.sock' -> '/var/run/mysqld/mysqld.sock'
db-1     | 2025-08-18T02:53:38.129197Z 0 [Warning] [MY-011068] [Server] The syntax '--skip-host-cache' is deprecated and will be removed in a future release. Please use SET GLOBAL host_cache_size=0 instead.
db-1     | 2025-08-18T02:53:38.130816Z 0 [Warning] [MY-010918] [Server] 'default_authentication_plugin' is deprecated and will be removed in a future release. Please use authentication_policy instead.
db-1     | 2025-08-18T02:53:38.131679Z 0 [System] [MY-010116] [Server] /usr/sbin/mysqld (mysqld 8.0.36) starting as process 1
db-1     | 2025-08-18T02:53:38.144955Z 0 [Warning] [MY-013907] [InnoDB] Deprecated configuration parameters innodb_log_file_size and/or innodb_log_files_in_group have been used to compute innodb_redo_log_capacity=33554432. Please use innodb_redo_log_capacity instead.
db-1     | 2025-08-18T02:53:38.153806Z 1 [System] [MY-013576] [InnoDB] InnoDB initialization has started.
[Kdb-1 exited with code 137
app2-1   | 172.20.0.5 -  18/Aug/2025:02:53:42 +0000 "GET /payments-summary" 500
app1-1   | 172.20.0.5 -  18/Aug/2025:02:53:50 +0000 "GET /payments-summary" 500
app2-1   | 172.20.0.5 -  18/Aug/2025:02:53:58 +0000 "GET /payments-summary" 500
app1-1   | 172.20.0.5 -  18/Aug/2025:02:54:06 +0000 "GET /payments-summary" 500
nginx-1  | 2025/08/18 02:54:14 [notice] 1#1: signal 3 (SIGQUIT) received, shutting down
nginx-1  | 2025/08/18 02:54:14 [notice] 30#30: gracefully shutting down
nginx-1  | 2025/08/18 02:54:14 [notice] 31#31: gracefully shutting down
nginx-1  | 2025/08/18 02:54:14 [notice] 32#32: gracefully shutting down
nginx-1  | 2025/08/18 02:54:14 [notice] 31#31: exiting
nginx-1  | 2025/08/18 02:54:14 [notice] 32#32: exiting
nginx-1  | 2025/08/18 02:54:14 [notice] 29#29: gracefully shutting down
nginx-1  | 2025/08/18 02:54:14 [notice] 29#29: exiting
nginx-1  | 2025/08/18 02:54:14 [notice] 31#31: exit
nginx-1  | 2025/08/18 02:54:14 [notice] 32#32: exit
nginx-1  | 2025/08/18 02:54:14 [notice] 29#29: exit
nginx-1  | 2025/08/18 02:54:14 [notice] 30#30: exiting
nginx-1  | 2025/08/18 02:54:14 [notice] 30#30: exit
nginx-1  | 2025/08/18 02:54:14 [notice] 1#1: signal 17 (SIGCHLD) received from 32
nginx-1  | 2025/08/18 02:54:14 [notice] 1#1: worker process 32 exited with code 0
nginx-1  | 2025/08/18 02:54:14 [notice] 1#1: signal 29 (SIGIO) received
nginx-1  | 2025/08/18 02:54:14 [notice] 1#1: signal 17 (SIGCHLD) received from 29
nginx-1  | 2025/08/18 02:54:14 [notice] 1#1: worker process 29 exited with code 0
nginx-1  | 2025/08/18 02:54:14 [notice] 1#1: worker process 30 exited with code 0
nginx-1  | 2025/08/18 02:54:14 [notice] 1#1: worker process 31 exited with code 0
nginx-1  | 2025/08/18 02:54:14 [notice] 1#1: exit
[Knginx-1 exited with code 0
app2-1   | [18-Aug-2025 02:54:14] NOTICE: Finishing ...
app1-1   | [18-Aug-2025 02:54:14] NOTICE: Finishing ...
app2-1   | [18-Aug-2025 02:54:14] NOTICE: exiting, bye-bye!
app1-1   | [18-Aug-2025 02:54:14] NOTICE: exiting, bye-bye!
