
 api2 Pulling 
 api1 Pulling 
 b865f3305bb8 Already exists 
 8b0bf08f2bb9 Already exists 
 ba7fc1b01e24 Already exists 
 8aa5e03c4bb5 Pulling fs layer 
 b865f3305bb8 Already exists 
 8b0bf08f2bb9 Already exists 
 ba7fc1b01e24 Already exists 
 8aa5e03c4bb5 Pulling fs layer 
 8aa5e03c4bb5 Downloading [>                                                  ]  50.72kB/4.781MB
 8aa5e03c4bb5 Downloading [>                                                  ]  50.72kB/4.781MB
 8aa5e03c4bb5 Downloading [=======================>                           ]  2.202MB/4.781MB
 8aa5e03c4bb5 Downloading [=======================>                           ]  2.202MB/4.781MB
 8aa5e03c4bb5 Downloading [==============================================>    ]  4.399MB/4.781MB
 8aa5e03c4bb5 Downloading [==============================================>    ]  4.399MB/4.781MB
 8aa5e03c4bb5 Verifying Checksum 
 8aa5e03c4bb5 Download complete 
 8aa5e03c4bb5 Downloading [==================================================>]  4.781MB/4.781MB
 8aa5e03c4bb5 Verifying Checksum 
 8aa5e03c4bb5 Download complete 
 8aa5e03c4bb5 Extracting [>                                                  ]  65.54kB/4.781MB
 8aa5e03c4bb5 Extracting [>                                                  ]  65.54kB/4.781MB
 8aa5e03c4bb5 Extracting [==================================================>]  4.781MB/4.781MB
 8aa5e03c4bb5 Extracting [==================================================>]  4.781MB/4.781MB
 8aa5e03c4bb5 Extracting [==================================================>]  4.781MB/4.781MB
 8aa5e03c4bb5 Extracting [==================================================>]  4.781MB/4.781MB
 8aa5e03c4bb5 Pull complete 
 8aa5e03c4bb5 Pull complete 
 api2 Pulled 
 api1 Pulled 
 Network lmtani_backend  Creating
 Network lmtani_backend  Created
 Container rinha-postgres  Creating
 Container rinha-redis  Creating
 Container rinha-redis  Created
 Container rinha-postgres  Created
 Container lmtani-api2-1  Creating
 Container lmtani-api1-1  Creating
 Container lmtani-api1-1  Created
 Container lmtani-api2-1  Created
 Container rinha-nginx  Creating
 Container rinha-nginx  Created
Attaching to api1-1, api2-1, rinha-nginx, rinha-postgres, rinha-redis
rinha-redis  | 1:C 19 Aug 2025 05:23:23.506 # WARNING Memory overcommit must be enabled! Without it, a background save or replication may fail under low memory condition. Being disabled, it can also cause failures without low memory condition, see https://github.com/jemalloc/jemalloc/issues/1328. To fix this issue add 'vm.overcommit_memory = 1' to /etc/sysctl.conf and then reboot or run the command 'sysctl vm.overcommit_memory=1' for this to take effect.
rinha-redis  | 1:C 19 Aug 2025 05:23:23.507 * oO0OoO0OoO0Oo Redis is starting oO0OoO0OoO0Oo
rinha-redis  | 1:C 19 Aug 2025 05:23:23.507 * Redis version=7.2.10, bits=64, commit=00000000, modified=0, pid=1, just started
rinha-redis  | 1:C 19 Aug 2025 05:23:23.507 * Configuration loaded
rinha-redis  | 1:M 19 Aug 2025 05:23:23.507 * monotonic clock: POSIX clock_gettime
rinha-redis  | 1:M 19 Aug 2025 05:23:23.508 * Running mode=standalone, port=6379.
rinha-redis  | 1:M 19 Aug 2025 05:23:23.508 * Server initialized
rinha-redis  | 1:M 19 Aug 2025 05:23:23.508 * Ready to accept connections tcp
rinha-postgres  | The files belonging to this database system will be owned by user "postgres".
rinha-postgres  | This user must also own the server process.
rinha-postgres  | 
rinha-postgres  | The database cluster will be initialized with locale "en_US.utf8".
rinha-postgres  | The default database encoding has accordingly been set to "UTF8".
rinha-postgres  | The default text search configuration will be set to "english".
rinha-postgres  | 
rinha-postgres  | Data page checksums are disabled.
rinha-postgres  | 
rinha-postgres  | fixing permissions on existing directory /var/lib/postgresql/data ... ok
rinha-postgres  | creating subdirectories ... ok
rinha-postgres  | selecting dynamic shared memory implementation ... posix
rinha-postgres  | selecting default max_connections ... 100
rinha-postgres  | selecting default shared_buffers ... 128MB
rinha-postgres  | selecting default time zone ... UTC
rinha-postgres  | creating configuration files ... ok
rinha-postgres  | running bootstrap script ... ok
rinha-postgres  | sh: locale: not found
rinha-postgres  | 2025-08-19 05:23:25.637 UTC [35] WARNING:  no usable system locales were found
rinha-postgres  | performing post-bootstrap initialization ... ok
rinha-postgres  | initdb: warning: enabling "trust" authentication for local connections
rinha-postgres  | initdb: hint: You can change this by editing pg_hba.conf or using the option -A, or --auth-local and --auth-host, the next time you run initdb.
rinha-postgres  | syncing data to disk ... ok
rinha-postgres  | 
rinha-postgres  | 
rinha-postgres  | Success. You can now start the database server using:
rinha-postgres  | 
rinha-postgres  |     pg_ctl -D /var/lib/postgresql/data -l logfile start
rinha-postgres  | 
rinha-postgres  | waiting for server to start....2025-08-19 05:23:27.817 UTC [41] LOG:  starting PostgreSQL 16.9 on x86_64-pc-linux-musl, compiled by gcc (Alpine 14.2.0) 14.2.0, 64-bit
rinha-postgres  | 2025-08-19 05:23:27.821 UTC [41] LOG:  listening on Unix socket "/var/run/postgresql/.s.PGSQL.5432"
rinha-postgres  | 2025-08-19 05:23:27.833 UTC [44] LOG:  database system was shut down at 2025-08-19 05:23:27 UTC
rinha-postgres  | 2025-08-19 05:23:27.841 UTC [41] LOG:  database system is ready to accept connections
rinha-postgres  |  done
rinha-postgres  | server started
rinha-postgres  | CREATE DATABASE
rinha-postgres  | 
rinha-postgres  | 
rinha-postgres  | /usr/local/bin/docker-entrypoint.sh: running /docker-entrypoint-initdb.d/01-init-schema.sql
rinha-postgres  | CREATE TABLE
rinha-postgres  | CREATE INDEX
rinha-postgres  | CREATE INDEX
rinha-postgres  | CREATE INDEX
rinha-postgres  | GRANT
rinha-postgres  | GRANT
rinha-postgres  | Payment schema initialization completed successfully
rinha-postgres  | 
rinha-postgres  | 
rinha-postgres  | waiting for server to shut down....2025-08-19 05:23:28.326 UTC [41] LOG:  received fast shutdown request
rinha-postgres  | 2025-08-19 05:23:28.329 UTC [41] LOG:  aborting any active transactions
rinha-postgres  | 2025-08-19 05:23:28.398 UTC [41] LOG:  background worker "logical replication launcher" (PID 47) exited with exit code 1
rinha-postgres  | 2025-08-19 05:23:28.399 UTC [42] LOG:  shutting down
rinha-postgres  | 2025-08-19 05:23:28.402 UTC [42] LOG:  checkpoint starting: shutdown immediate
rinha-postgres  | 2025-08-19 05:23:28.458 UTC [42] LOG:  checkpoint complete: wrote 933 buffers (5.7%); 0 WAL file(s) added, 0 removed, 0 recycled; write=0.038 s, sync=0.008 s, total=0.059 s; sync files=307, longest=0.003 s, average=0.001 s; distance=4294 kB, estimate=4294 kB; lsn=0/1923EC0, redo lsn=0/1923EC0
rinha-postgres  | 2025-08-19 05:23:28.502 UTC [41] LOG:  database system is shut down
rinha-postgres  |  done
rinha-postgres  | server stopped
rinha-postgres  | 
rinha-postgres  | PostgreSQL init process complete; ready for start up.
rinha-postgres  | 
rinha-postgres  | 2025-08-19 05:23:28.602 UTC [1] LOG:  starting PostgreSQL 16.9 on x86_64-pc-linux-musl, compiled by gcc (Alpine 14.2.0) 14.2.0, 64-bit
rinha-postgres  | 2025-08-19 05:23:28.602 UTC [1] LOG:  listening on IPv4 address "0.0.0.0", port 5432
rinha-postgres  | 2025-08-19 05:23:28.602 UTC [1] LOG:  listening on IPv6 address "::", port 5432
rinha-postgres  | 2025-08-19 05:23:28.608 UTC [1] LOG:  listening on Unix socket "/var/run/postgresql/.s.PGSQL.5432"
rinha-postgres  | 2025-08-19 05:23:28.698 UTC [65] LOG:  database system was shut down at 2025-08-19 05:23:28 UTC
rinha-postgres  | 2025-08-19 05:23:28.703 UTC [66] FATAL:  the database system is starting up
rinha-postgres  | 2025-08-19 05:23:28.707 UTC [1] LOG:  database system is ready to accept connections
api1-1          | [API-1] Starting payment processor with 4 workers
api1-1          | [API-1-worker-1] Worker started
api1-1          | [API-1-worker-0] Worker started
api1-1          | [API-1-worker-2] Worker started
api1-1          | [API-1-worker-3] Worker started
api1-1          | 2025/08/19 05:23:34 Starting payment service on :8080
api1-1          | 2025/08/19 05:23:34 HTTP server listening on :8080
api2-1          | [API-2] Starting payment processor with 4 workers
api2-1          | [API-2-worker-1] Worker started
api2-1          | [API-2-worker-2] Worker started
api2-1          | [API-2-worker-3] Worker started
api2-1          | [API-2-worker-0] Worker started
api2-1          | 2025/08/19 05:23:34 Starting payment service on :8080
api2-1          | 2025/08/19 05:23:34 HTTP server listening on :8080
rinha-nginx     | /docker-entrypoint.sh: /docker-entrypoint.d/ is not empty, will attempt to perform configuration
rinha-nginx     | /docker-entrypoint.sh: Looking for shell scripts in /docker-entrypoint.d/
rinha-nginx     | /docker-entrypoint.sh: Launching /docker-entrypoint.d/10-listen-on-ipv6-by-default.sh
rinha-nginx     | 10-listen-on-ipv6-by-default.sh: info: Getting the checksum of /etc/nginx/conf.d/default.conf
rinha-nginx     | 10-listen-on-ipv6-by-default.sh: info: Enabled listen on IPv6 in /etc/nginx/conf.d/default.conf
rinha-nginx     | /docker-entrypoint.sh: Sourcing /docker-entrypoint.d/15-local-resolvers.envsh
rinha-nginx     | /docker-entrypoint.sh: Launching /docker-entrypoint.d/20-envsubst-on-templates.sh
rinha-nginx     | /docker-entrypoint.sh: Launching /docker-entrypoint.d/30-tune-worker-processes.sh
rinha-nginx     | /docker-entrypoint.sh: Configuration complete; ready for start up
api1-1          | [GIN] 2025/08/19 - 05:23:36 | 200 |    4.705377ms |      172.20.0.6 | GET      "/payments-summary"
api1-1          | [GIN] 2025/08/19 - 05:23:41 | 404 |         680ns |      172.20.0.6 | POST     "/purge-payments"
api1-1          | [API-1] Received payment request: a0c976bd-6914-41e1-8320-5052c46add45
api1-1          | [GIN] 2025/08/19 - 05:23:41 | 200 |    1.814691ms |      172.20.0.6 | GET      "/payments-summary?from=2025-08-19T05:23:26.989Z&to=2025-08-19T05:23:39.989Z"
api1-1          | [API-1] Successfully queued payment: a0c976bd-6914-41e1-8320-5052c46add45
api1-1          | [GIN] 2025/08/19 - 05:23:41 | 202 |    2.277366ms |      172.20.0.6 | POST     "/payments"
api1-1          | [API-1-worker-1] Successfully processed payment a0c976bd-6914-41e1-8320-5052c46add45
api2-1          | [API-2] Received payment request: 8f71fe23-5943-4c0a-810f-b3d618a6ede2
api2-1          | [API-2] Successfully queued payment: 8f71fe23-5943-4c0a-810f-b3d618a6ede2
api2-1          | [GIN] 2025/08/19 - 05:23:42 | 202 |    2.165122ms |      172.20.0.6 | POST     "/payments"
api2-1          | [API-2-worker-1] Successfully processed payment 8f71fe23-5943-4c0a-810f-b3d618a6ede2
api1-1          | [API-1] Received payment request: 454e2390-c5e1-47eb-a13b-c66757b59266
api1-1          | [API-1] Successfully queued payment: 454e2390-c5e1-47eb-a13b-c66757b59266
api1-1          | [GIN] 2025/08/19 - 05:23:42 | 202 |     475.886µs |      172.20.0.6 | POST     "/payments"
api1-1          | [API-1-worker-0] Successfully processed payment 454e2390-c5e1-47eb-a13b-c66757b59266
api2-1          | [API-2] Received payment request: b8e2f909-1225-4349-912e-8507d28baf6c
api2-1          | [API-2] Successfully queued payment: b8e2f909-1225-4349-912e-8507d28baf6c
api2-1          | [GIN] 2025/08/19 - 05:23:42 | 202 |     425.914µs |      172.20.0.6 | POST     "/payments"
api2-1          | [API-2-worker-2] Successfully processed payment b8e2f909-1225-4349-912e-8507d28baf6c
api2-1          | [API-2] Received payment request: ab15fb46-fdcc-489b-8dd4-db1a1902e374
api2-1          | [API-2] Successfully queued payment: ab15fb46-fdcc-489b-8dd4-db1a1902e374
api2-1          | [GIN] 2025/08/19 - 05:23:43 | 202 |     425.904µs |      172.20.0.6 | POST     "/payments"
api1-1          | [API-1-worker-2] Successfully processed payment ab15fb46-fdcc-489b-8dd4-db1a1902e374
api1-1          | [API-1] Received payment request: de212f2c-2bfb-43d9-ab21-5945cac858db
api1-1          | [API-1] Successfully queued payment: de212f2c-2bfb-43d9-ab21-5945cac858db
api1-1          | [GIN] 2025/08/19 - 05:23:43 | 202 |     353.282µs |      172.20.0.6 | POST     "/payments"
api2-1          | [API-2-worker-3] Successfully processed payment de212f2c-2bfb-43d9-ab21-5945cac858db
api2-1          | [API-2] Received payment request: 10513603-517b-479e-a3a6-081b23db625c
api2-1          | [API-2] Successfully queued payment: 10513603-517b-479e-a3a6-081b23db625c
api2-1          | [GIN] 2025/08/19 - 05:23:43 | 202 |     443.805µs |      172.20.0.6 | POST     "/payments"
api1-1          | [API-1-worker-3] Successfully processed payment 10513603-517b-479e-a3a6-081b23db625c
api1-1          | [API-1] Received payment request: 4381f0c9-2b6a-471e-928d-75ae05ad14af
api1-1          | [API-1] Successfully queued payment: 4381f0c9-2b6a-471e-928d-75ae05ad14af
api1-1          | [GIN] 2025/08/19 - 05:23:43 | 202 |     354.851µs |      172.20.0.6 | POST     "/payments"
api2-1          | [API-2-worker-0] Successfully processed payment 4381f0c9-2b6a-471e-928d-75ae05ad14af
api1-1          | [API-1] Received payment request: aea9c131-ad85-49e9-98f9-093f4f6e530a
api1-1          | [API-1] Successfully queued payment: aea9c131-ad85-49e9-98f9-093f4f6e530a
api1-1          | [GIN] 2025/08/19 - 05:23:43 | 202 |     424.774µs |      172.20.0.6 | POST     "/payments"
api1-1          | [API-1-worker-1] Successfully processed payment aea9c131-ad85-49e9-98f9-093f4f6e530a
api2-1          | [API-2] Received payment request: df75b1ce-6a64-474c-bd3e-7ccaea03a055
api2-1          | [API-2] Successfully queued payment: df75b1ce-6a64-474c-bd3e-7ccaea03a055
api2-1          | [GIN] 2025/08/19 - 05:23:44 | 202 |     493.916µs |      172.20.0.6 | POST     "/payments"
api2-1          | [API-2-worker-1] Successfully processed payment df75b1ce-6a64-474c-bd3e-7ccaea03a055
api1-1          | [API-1] Received payment request: 2dc2e728-16d5-4796-ace7-cda4fd02d082
api1-1          | [API-1] Successfully queued payment: 2dc2e728-16d5-4796-ace7-cda4fd02d082
api1-1          | [GIN] 2025/08/19 - 05:23:44 | 202 |     337.351µs |      172.20.0.6 | POST     "/payments"
api1-1          | [API-1-worker-0] Successfully processed payment 2dc2e728-16d5-4796-ace7-cda4fd02d082
api2-1          | [API-2] Received payment request: 4e4cc1d9-b3ba-48f5-ad28-948c183e9abe
api2-1          | [API-2] Successfully queued payment: 4e4cc1d9-b3ba-48f5-ad28-948c183e9abe
api2-1          | [GIN] 2025/08/19 - 05:23:44 | 202 |     343.892µs |      172.20.0.6 | POST     "/payments"
api2-1          | [API-2-worker-2] Successfully processed payment 4e4cc1d9-b3ba-48f5-ad28-948c183e9abe
api1-1          | [API-1] Received payment request: ca823030-3948-4f6b-a22f-e8dcd96b06af
api1-1          | [API-1] Successfully queued payment: ca823030-3948-4f6b-a22f-e8dcd96b06af
api1-1          | [GIN] 2025/08/19 - 05:23:44 | 202 |     450.475µs |      172.20.0.6 | POST     "/payments"
api1-1          | [API-1-worker-2] Successfully processed payment ca823030-3948-4f6b-a22f-e8dcd96b06af
api2-1          | [API-2] Received payment request: cef37239-12ff-4ada-a12e-b57d67d4d9ed
api2-1          | [API-2] Successfully queued payment: cef37239-12ff-4ada-a12e-b57d67d4d9ed
api2-1          | [GIN] 2025/08/19 - 05:23:44 | 202 |     448.915µs |      172.20.0.6 | POST     "/payments"
api2-1          | [API-2-worker-3] Successfully processed payment cef37239-12ff-4ada-a12e-b57d67d4d9ed
api1-1          | [API-1] Received payment request: f88d6881-6284-4720-8458-b00e1d60efcf
api1-1          | [API-1] Successfully queued payment: f88d6881-6284-4720-8458-b00e1d60efcf
api1-1          | [GIN] 2025/08/19 - 05:23:44 | 202 |     267.259µs |      172.20.0.6 | POST     "/payments"
api1-1          | [API-1-worker-3] Successfully processed payment f88d6881-6284-4720-8458-b00e1d60efcf
api2-1          | [API-2] Received payment request: b32b65b4-b25d-40cc-9cd4-3765a6b52e97
api2-1          | [API-2] Successfully queued payment: b32b65b4-b25d-40cc-9cd4-3765a6b52e97
api2-1          | [GIN] 2025/08/19 - 05:23:45 | 202 |      312.74µs |      172.20.0.6 | POST     "/payments"
api2-1          | [API-2-worker-0] Successfully processed payment b32b65b4-b25d-40cc-9cd4-3765a6b52e97
api2-1          | [API-2] Received payment request: 73928568-cf2c-4e02-a31e-c285be781742
api2-1          | [API-2] Successfully queued payment: 73928568-cf2c-4e02-a31e-c285be781742
api2-1          | [GIN] 2025/08/19 - 05:23:45 | 202 |     405.924µs |      172.20.0.6 | POST     "/payments"
api1-1          | [API-1-worker-1] Successfully processed payment 73928568-cf2c-4e02-a31e-c285be781742
api1-1          | [API-1] Received payment request: 60de0044-ea46-4bae-9192-d54af395e116
api1-1          | [API-1] Successfully queued payment: 60de0044-ea46-4bae-9192-d54af395e116
api1-1          | [GIN] 2025/08/19 - 05:23:45 | 202 |     324.521µs |      172.20.0.6 | POST     "/payments"
api2-1          | [API-2-worker-1] Successfully processed payment 60de0044-ea46-4bae-9192-d54af395e116
api2-1          | [API-2] Received payment request: bc172147-09dc-40f5-b170-838e5d17cc60
api2-1          | [API-2] Successfully queued payment: bc172147-09dc-40f5-b170-838e5d17cc60
api2-1          | [GIN] 2025/08/19 - 05:23:45 | 202 |     375.243µs |      172.20.0.6 | POST     "/payments"
api1-1          | [API-1-worker-0] Successfully processed payment bc172147-09dc-40f5-b170-838e5d17cc60
api1-1          | [API-1] Received payment request: 914a68bf-d929-47f9-b052-71bae187c9a9
api1-1          | [API-1] Successfully queued payment: 914a68bf-d929-47f9-b052-71bae187c9a9
api1-1          | [GIN] 2025/08/19 - 05:23:45 | 202 |      305.51µs |      172.20.0.6 | POST     "/payments"
api2-1          | [API-2-worker-2] Successfully processed payment 914a68bf-d929-47f9-b052-71bae187c9a9
api2-1          | [API-2] Received payment request: 89d9e6d9-b249-4db9-b4e9-3cd9c4669755
api2-1          | [API-2] Successfully queued payment: 89d9e6d9-b249-4db9-b4e9-3cd9c4669755
api2-1          | [GIN] 2025/08/19 - 05:23:45 | 202 |     413.244µs |      172.20.0.6 | POST     "/payments"
api1-1          | [API-1-worker-2] Successfully processed payment 89d9e6d9-b249-4db9-b4e9-3cd9c4669755
api1-1          | [API-1] Received payment request: 89ebad6c-d3cd-49a5-b071-af1c3c71672a
api1-1          | [API-1] Successfully queued payment: 89ebad6c-d3cd-49a5-b071-af1c3c71672a
api1-1          | [GIN] 2025/08/19 - 05:23:45 | 202 |     325.491µs |      172.20.0.6 | POST     "/payments"
api2-1          | [API-2-worker-3] Successfully processed payment 89ebad6c-d3cd-49a5-b071-af1c3c71672a
api2-1          | [API-2] Received payment request: 4919da82-b754-4452-94d7-6deba25e84c3
api2-1          | [API-2] Successfully queued payment: 4919da82-b754-4452-94d7-6deba25e84c3
api2-1          | [GIN] 2025/08/19 - 05:23:45 | 202 |      302.01µs |      172.20.0.6 | POST     "/payments"
api1-1          | [API-1-worker-3] Successfully processed payment 4919da82-b754-4452-94d7-6deba25e84c3
api1-1          | [API-1] Received payment request: bef2deb2-2c31-43e8-9837-60d98924c3ac
api1-1          | [API-1] Successfully queued payment: bef2deb2-2c31-43e8-9837-60d98924c3ac
api1-1          | [GIN] 2025/08/19 - 05:23:45 | 202 |     307.021µs |      172.20.0.6 | POST     "/payments"
api2-1          | [API-2-worker-0] Successfully processed payment bef2deb2-2c31-43e8-9837-60d98924c3ac
api1-1          | [API-1] Received payment request: 85d7235a-9c93-4e4d-a31a-fe0e1593ffb4
api1-1          | [API-1] Successfully queued payment: 85d7235a-9c93-4e4d-a31a-fe0e1593ffb4
api1-1          | [GIN] 2025/08/19 - 05:23:46 | 202 |     414.574µs |      172.20.0.6 | POST     "/payments"
api1-1          | [API-1-worker-1] Successfully processed payment 85d7235a-9c93-4e4d-a31a-fe0e1593ffb4
api2-1          | [API-2] Received payment request: 53c9e289-5e41-42c8-9b46-276ae845d4c5
api2-1          | [API-2] Successfully queued payment: 53c9e289-5e41-42c8-9b46-276ae845d4c5
api2-1          | [GIN] 2025/08/19 - 05:23:46 | 202 |     385.353µs |      172.20.0.6 | POST     "/payments"
api2-1          | [API-2-worker-1] Successfully processed payment 53c9e289-5e41-42c8-9b46-276ae845d4c5
api1-1          | [API-1] Received payment request: c4503ffa-faf0-457f-8feb-375faab2d11f
api1-1          | [API-1] Successfully queued payment: c4503ffa-faf0-457f-8feb-375faab2d11f
api1-1          | [GIN] 2025/08/19 - 05:23:46 | 202 |     390.294µs |      172.20.0.6 | POST     "/payments"
api1-1          | [API-1-worker-0] Successfully processed payment c4503ffa-faf0-457f-8feb-375faab2d11f
api2-1          | [API-2] Received payment request: 35a893cf-2216-49d2-8494-8cfef51c5537
api2-1          | [API-2] Successfully queued payment: 35a893cf-2216-49d2-8494-8cfef51c5537
api2-1          | [GIN] 2025/08/19 - 05:23:46 | 202 |     393.664µs |      172.20.0.6 | POST     "/payments"
api2-1          | [API-2-worker-2] Successfully processed payment 35a893cf-2216-49d2-8494-8cfef51c5537
api1-1          | [API-1] Received payment request: f6d3b760-1cae-4eb9-b147-25375d4a209a
api1-1          | [API-1] Successfully queued payment: f6d3b760-1cae-4eb9-b147-25375d4a209a
api1-1          | [GIN] 2025/08/19 - 05:23:46 | 202 |     372.072µs |      172.20.0.6 | POST     "/payments"
api1-1          | [API-1-worker-2] Successfully processed payment f6d3b760-1cae-4eb9-b147-25375d4a209a
api2-1          | [API-2] Received payment request: 487cca4a-9f70-47ba-acbf-1ae6df315132
api2-1          | [API-2] Successfully queued payment: 487cca4a-9f70-47ba-acbf-1ae6df315132
api2-1          | [GIN] 2025/08/19 - 05:23:46 | 202 |     345.591µs |      172.20.0.6 | POST     "/payments"
api2-1          | [API-2-worker-3] Successfully processed payment 487cca4a-9f70-47ba-acbf-1ae6df315132
api1-1          | [API-1] Received payment request: 8971a9f8-5f24-461f-a621-12fed38abadf
api1-1          | [API-1] Successfully queued payment: 8971a9f8-5f24-461f-a621-12fed38abadf
api1-1          | [GIN] 2025/08/19 - 05:23:46 | 202 |     422.274µs |      172.20.0.6 | POST     "/payments"
api1-1          | [API-1-worker-3] Successfully processed payment 8971a9f8-5f24-461f-a621-12fed38abadf
api2-1          | [API-2] Received payment request: 2b898a64-2ed5-4b4b-bcba-eb4bc00c4da7
api2-1          | [API-2] Successfully queued payment: 2b898a64-2ed5-4b4b-bcba-eb4bc00c4da7
api2-1          | [GIN] 2025/08/19 - 05:23:46 | 202 |     344.202µs |      172.20.0.6 | POST     "/payments"
api2-1          | [API-2-worker-0] Successfully processed payment 2b898a64-2ed5-4b4b-bcba-eb4bc00c4da7
api1-1          | [API-1] Received payment request: 5bf54ae6-7c4e-4716-96be-83b8044a57a6
api1-1          | [API-1] Successfully queued payment: 5bf54ae6-7c4e-4716-96be-83b8044a57a6
api1-1          | [GIN] 2025/08/19 - 05:23:46 | 202 |      290.05µs |      172.20.0.6 | POST     "/payments"
api1-1          | [API-1-worker-1] Successfully processed payment 5bf54ae6-7c4e-4716-96be-83b8044a57a6
api2-1          | [API-2] Received payment request: 7e65cbb9-a3ab-42f3-9e8b-1657cc823e41
api2-1          | [API-2] Successfully queued payment: 7e65cbb9-a3ab-42f3-9e8b-1657cc823e41
api2-1          | [GIN] 2025/08/19 - 05:23:46 | 202 |      307.61µs |      172.20.0.6 | POST     "/payments"
api2-1          | [API-2-worker-1] Successfully processed payment 7e65cbb9-a3ab-42f3-9e8b-1657cc823e41
api1-1          | [API-1] Received payment request: 1c27fe43-421e-42cb-9c15-548cd56ced7c
api1-1          | [API-1] Successfully queued payment: 1c27fe43-421e-42cb-9c15-548cd56ced7c
api1-1          | [GIN] 2025/08/19 - 05:23:46 | 202 |     346.172µs |      172.20.0.6 | POST     "/payments"
api1-1          | [API-1-worker-0] Successfully processed payment 1c27fe43-421e-42cb-9c15-548cd56ced7c
api2-1          | [API-2] Received payment request: f38d5afe-ff3c-49f3-ac53-a21a80a9d2a0
api2-1          | [API-2] Successfully queued payment: f38d5afe-ff3c-49f3-ac53-a21a80a9d2a0
api2-1          | [GIN] 2025/08/19 - 05:23:47 | 202 |      304.98µs |      172.20.0.6 | POST     "/payments"
api2-1          | [API-2-worker-2] Successfully processed payment f38d5afe-ff3c-49f3-ac53-a21a80a9d2a0
api2-1          | [API-2] Received payment request: aec0a46f-32c9-4a9d-9e06-fdf2dc3cc85d
api2-1          | [API-2] Successfully queued payment: aec0a46f-32c9-4a9d-9e06-fdf2dc3cc85d
api2-1          | [GIN] 2025/08/19 - 05:23:47 | 202 |     391.753µs |      172.20.0.6 | POST     "/payments"
api1-1          | [API-1-worker-2] Successfully processed payment aec0a46f-32c9-4a9d-9e06-fdf2dc3cc85d
api1-1          | [API-1] Received payment request: 41adaec4-8fdf-4afa-89f2-44030cc992e0
api1-1          | [API-1] Successfully queued payment: 41adaec4-8fdf-4afa-89f2-44030cc992e0
api1-1          | [GIN] 2025/08/19 - 05:23:47 | 202 |      292.19µs |      172.20.0.6 | POST     "/payments"
api2-1          | [API-2-worker-3] Successfully processed payment 41adaec4-8fdf-4afa-89f2-44030cc992e0
api2-1          | [API-2] Received payment request: e4e05175-8daa-4184-8766-622a1cb8622b
api2-1          | [API-2] Successfully queued payment: e4e05175-8daa-4184-8766-622a1cb8622b
api2-1          | [GIN] 2025/08/19 - 05:23:47 | 202 |     324.491µs |      172.20.0.6 | POST     "/payments"
api1-1          | [API-1-worker-3] Successfully processed payment e4e05175-8daa-4184-8766-622a1cb8622b
api1-1          | [API-1] Received payment request: aededd9e-2865-448f-802b-9639dd1bfd30
api1-1          | [API-1] Successfully queued payment: aededd9e-2865-448f-802b-9639dd1bfd30
api1-1          | [GIN] 2025/08/19 - 05:23:47 | 202 |     359.143µs |      172.20.0.6 | POST     "/payments"
api2-1          | [API-2-worker-0] Successfully processed payment aededd9e-2865-448f-802b-9639dd1bfd30
api2-1          | [API-2] Received payment request: 5e97f4bd-9ed2-4ddb-b0e7-4683480755a1
api2-1          | [API-2] Successfully queued payment: 5e97f4bd-9ed2-4ddb-b0e7-4683480755a1
api2-1          | [GIN] 2025/08/19 - 05:23:47 | 202 |     325.492µs |      172.20.0.6 | POST     "/payments"
api1-1          | [API-1-worker-1] Successfully processed payment 5e97f4bd-9ed2-4ddb-b0e7-4683480755a1
api1-1          | [API-1] Received payment request: 8d2fa9e2-e344-49e5-9a6a-ea4e0c6fac5e
api1-1          | [API-1] Successfully queued payment: 8d2fa9e2-e344-49e5-9a6a-ea4e0c6fac5e
api1-1          | [GIN] 2025/08/19 - 05:23:47 | 202 |      275.91µs |      172.20.0.6 | POST     "/payments"
api2-1          | [API-2-worker-1] Successfully processed payment 8d2fa9e2-e344-49e5-9a6a-ea4e0c6fac5e
api2-1          | [API-2] Received payment request: 74c62fc2-1b3b-42b8-bda7-40d666e22b10
api2-1          | [API-2] Successfully queued payment: 74c62fc2-1b3b-42b8-bda7-40d666e22b10
api2-1          | [GIN] 2025/08/19 - 05:23:47 | 202 |     435.645µs |      172.20.0.6 | POST     "/payments"
api1-1          | [API-1-worker-0] Successfully processed payment 74c62fc2-1b3b-42b8-bda7-40d666e22b10
api1-1          | [API-1] Received payment request: 2a4ecf1e-d01a-4b52-b19a-4bace410bc91
api1-1          | [API-1] Successfully queued payment: 2a4ecf1e-d01a-4b52-b19a-4bace410bc91
api1-1          | [GIN] 2025/08/19 - 05:23:47 | 202 |     347.172µs |      172.20.0.6 | POST     "/payments"
api2-1          | [API-2-worker-2] Successfully processed payment 2a4ecf1e-d01a-4b52-b19a-4bace410bc91
api2-1          | [API-2] Received payment request: aea986bd-9671-43b2-876b-65d1f18dc950
api2-1          | [API-2] Successfully queued payment: aea986bd-9671-43b2-876b-65d1f18dc950
api2-1          | [GIN] 2025/08/19 - 05:23:47 | 202 |      291.42µs |      172.20.0.6 | POST     "/payments"
api1-1          | [API-1-worker-2] Successfully processed payment aea986bd-9671-43b2-876b-65d1f18dc950
api1-1          | [API-1] Received payment request: bf410455-020d-480c-9ee2-c1b0647926bf
api1-1          | [API-1] Successfully queued payment: bf410455-020d-480c-9ee2-c1b0647926bf
api1-1          | [GIN] 2025/08/19 - 05:23:47 | 202 |     312.761µs |      172.20.0.6 | POST     "/payments"
api2-1          | [API-2-worker-3] Successfully processed payment bf410455-020d-480c-9ee2-c1b0647926bf
api2-1          | [API-2] Received payment request: 234cfe9a-0785-4c7e-92d1-b81c0fa02554
api2-1          | [API-2] Successfully queued payment: 234cfe9a-0785-4c7e-92d1-b81c0fa02554
api2-1          | [GIN] 2025/08/19 - 05:23:47 | 202 |     354.632µs |      172.20.0.6 | POST     "/payments"
api1-1          | [API-1-worker-3] Successfully processed payment 234cfe9a-0785-4c7e-92d1-b81c0fa02554
api1-1          | [API-1] Received payment request: 5c198f72-157e-48eb-ad75-d775fb1460a6
api1-1          | [API-1] Successfully queued payment: 5c198f72-157e-48eb-ad75-d775fb1460a6
api1-1          | [GIN] 2025/08/19 - 05:23:47 | 202 |     347.152µs |      172.20.0.6 | POST     "/payments"
api2-1          | [API-2-worker-0] Successfully processed payment 5c198f72-157e-48eb-ad75-d775fb1460a6
api1-1          | [API-1] Received payment request: de745cbc-7ff9-4276-bbe3-b8dd11636934
api1-1          | [API-1] Successfully queued payment: de745cbc-7ff9-4276-bbe3-b8dd11636934
api1-1          | [GIN] 2025/08/19 - 05:23:48 | 202 |     338.312µs |      172.20.0.6 | POST     "/payments"
api1-1          | [API-1-worker-1] Successfully processed payment de745cbc-7ff9-4276-bbe3-b8dd11636934
api2-1          | [API-2] Received payment request: bae772ba-7cab-4d96-b050-be60ed4475b3
api2-1          | [API-2] Successfully queued payment: bae772ba-7cab-4d96-b050-be60ed4475b3
api2-1          | [GIN] 2025/08/19 - 05:23:48 | 202 |     399.474µs |      172.20.0.6 | POST     "/payments"
api2-1          | [API-2-worker-1] Successfully processed payment bae772ba-7cab-4d96-b050-be60ed4475b3
api1-1          | [API-1] Received payment request: 898d6cbd-c6de-4dc1-b8b6-cd3e0a90565b
api1-1          | [API-1] Successfully queued payment: 898d6cbd-c6de-4dc1-b8b6-cd3e0a90565b
api1-1          | [GIN] 2025/08/19 - 05:23:48 | 202 |       306.3µs |      172.20.0.6 | POST     "/payments"
api1-1          | [API-1-worker-0] Successfully processed payment 898d6cbd-c6de-4dc1-b8b6-cd3e0a90565b
api2-1          | [API-2] Received payment request: c70ea3eb-db56-4bc6-acdd-e7569dadf49d
api2-1          | [API-2] Successfully queued payment: c70ea3eb-db56-4bc6-acdd-e7569dadf49d
api2-1          | [GIN] 2025/08/19 - 05:23:48 | 202 |     385.294µs |      172.20.0.6 | POST     "/payments"
api2-1          | [API-2-worker-2] Successfully processed payment c70ea3eb-db56-4bc6-acdd-e7569dadf49d
api1-1          | [API-1] Received payment request: b56fb938-f8f5-4468-8277-467155d6a481
api1-1          | [API-1] Successfully queued payment: b56fb938-f8f5-4468-8277-467155d6a481
api1-1          | [GIN] 2025/08/19 - 05:23:48 | 202 |     350.082µs |      172.20.0.6 | POST     "/payments"
api1-1          | [API-1-worker-2] Successfully processed payment b56fb938-f8f5-4468-8277-467155d6a481
api2-1          | [API-2] Received payment request: 01d63416-d0fb-4eed-a375-be637da049a4
api2-1          | [API-2] Successfully queued payment: 01d63416-d0fb-4eed-a375-be637da049a4
api2-1          | [GIN] 2025/08/19 - 05:23:48 | 202 |      311.89µs |      172.20.0.6 | POST     "/payments"
api2-1          | [API-2-worker-3] Successfully processed payment 01d63416-d0fb-4eed-a375-be637da049a4
api1-1          | [API-1] Received payment request: 2e11869c-190e-46c0-b1ef-63cb95baa6ad
api1-1          | [API-1] Successfully queued payment: 2e11869c-190e-46c0-b1ef-63cb95baa6ad
api1-1          | [GIN] 2025/08/19 - 05:23:48 | 202 |     337.231µs |      172.20.0.6 | POST     "/payments"
api1-1          | [API-1-worker-3] Successfully processed payment 2e11869c-190e-46c0-b1ef-63cb95baa6ad
api2-1          | [API-2] Received payment request: dbeaf76c-8768-4ecb-9b47-90d43e625579
api2-1          | [API-2] Successfully queued payment: dbeaf76c-8768-4ecb-9b47-90d43e625579
api2-1          | [GIN] 2025/08/19 - 05:23:48 | 202 |     327.941µs |      172.20.0.6 | POST     "/payments"
api2-1          | [API-2-worker-0] Successfully processed payment dbeaf76c-8768-4ecb-9b47-90d43e625579
api1-1          | [API-1] Received payment request: e2cbd6f6-15a3-459a-a2f6-c0da8f79e50d
api2-1          | [API-2] Received payment request: 51dc9c46-055b-4a66-94ce-5280206a2dd7
api1-1          | [API-1] Received payment request: 00b998e8-b77d-4810-8e37-c01dbec8dc33
api2-1          | [API-2] Received payment request: e541c4a6-eee5-494f-b1b3-bccbc9d4b093
api1-1          | [API-1] Successfully queued payment: e2cbd6f6-15a3-459a-a2f6-c0da8f79e50d
api1-1          | [GIN] 2025/08/19 - 05:23:48 | 202 |   18.693952ms |      172.20.0.6 | POST     "/payments"
api2-1          | [API-2] Successfully queued payment: 51dc9c46-055b-4a66-94ce-5280206a2dd7
api2-1          | [GIN] 2025/08/19 - 05:23:48 | 202 |   13.612937ms |      172.20.0.6 | POST     "/payments"
api2-1          | [API-2] Successfully queued payment: e541c4a6-eee5-494f-b1b3-bccbc9d4b093
api2-1          | [GIN] 2025/08/19 - 05:23:48 | 202 |    4.583067ms |      172.20.0.6 | POST     "/payments"
api1-1          | [API-1] Successfully queued payment: 00b998e8-b77d-4810-8e37-c01dbec8dc33
api1-1          | [GIN] 2025/08/19 - 05:23:48 | 202 |   13.140261ms |      172.20.0.6 | POST     "/payments"
api1-1          | [API-1] Received payment request: 244d2663-b7af-42f0-a864-ede7c1e65d29
api1-1          | [API-1] Successfully queued payment: 244d2663-b7af-42f0-a864-ede7c1e65d29
api1-1          | [GIN] 2025/08/19 - 05:23:48 | 202 |     666.443µs |      172.20.0.6 | POST     "/payments"
api2-1          | [API-2-worker-1] Successfully processed payment 51dc9c46-055b-4a66-94ce-5280206a2dd7
api2-1          | [API-2] Received payment request: ccce8bfb-c6e6-4673-92ce-16d1f9a39489
api2-1          | [API-2] Successfully queued payment: ccce8bfb-c6e6-4673-92ce-16d1f9a39489
api2-1          | [GIN] 2025/08/19 - 05:23:48 | 202 |    1.014835ms |      172.20.0.6 | POST     "/payments"
api2-1          | [API-2-worker-2] Successfully processed payment 00b998e8-b77d-4810-8e37-c01dbec8dc33
api1-1          | [API-1] Received payment request: dab933d0-1daa-42e6-9fda-f847d06d6a14
api1-1          | [API-1] Successfully queued payment: dab933d0-1daa-42e6-9fda-f847d06d6a14
api1-1          | [GIN] 2025/08/19 - 05:23:49 | 202 |     998.974µs |      172.20.0.6 | POST     "/payments"
api1-1          | [API-1-worker-0] Successfully processed payment e541c4a6-eee5-494f-b1b3-bccbc9d4b093
api2-1          | [API-2-worker-3] Successfully processed payment ccce8bfb-c6e6-4673-92ce-16d1f9a39489
api1-1          | [API-1-worker-3] Successfully processed payment dab933d0-1daa-42e6-9fda-f847d06d6a14
api2-1          | [API-2] Received payment request: 674764dd-ad39-42e0-a787-c4c767453969
api2-1          | [API-2] Successfully queued payment: 674764dd-ad39-42e0-a787-c4c767453969
api1-1          | [API-1-worker-1] Successfully processed payment e2cbd6f6-15a3-459a-a2f6-c0da8f79e50d
api2-1          | [GIN] 2025/08/19 - 05:23:49 | 202 |      593.25µs |      172.20.0.6 | POST     "/payments"
api1-1          | [API-1-worker-2] Successfully processed payment 244d2663-b7af-42f0-a864-ede7c1e65d29
api2-1          | [API-2-worker-0] Successfully processed payment 674764dd-ad39-42e0-a787-c4c767453969
api2-1          | [API-2] Received payment request: 058a15e8-93ae-43b2-90c8-a41246ee4670
api2-1          | [API-2] Successfully queued payment: 058a15e8-93ae-43b2-90c8-a41246ee4670
api2-1          | [GIN] 2025/08/19 - 05:23:49 | 202 |     394.393µs |      172.20.0.6 | POST     "/payments"
api1-1          | [API-1-worker-0] Successfully processed payment 058a15e8-93ae-43b2-90c8-a41246ee4670
api1-1          | [API-1] Received payment request: 3139f479-363a-41dc-9c40-50029e287687
api1-1          | [API-1] Successfully queued payment: 3139f479-363a-41dc-9c40-50029e287687
api1-1          | [GIN] 2025/08/19 - 05:23:49 | 202 |     346.582µs |      172.20.0.6 | POST     "/payments"
api2-1          | [API-2-worker-1] Successfully processed payment 3139f479-363a-41dc-9c40-50029e287687
api2-1          | [API-2] Received payment request: 9efd989f-07b1-409b-930b-83bd48739aa1
api2-1          | [API-2] Successfully queued payment: 9efd989f-07b1-409b-930b-83bd48739aa1
api2-1          | [GIN] 2025/08/19 - 05:23:49 | 202 |     413.474µs |      172.20.0.6 | POST     "/payments"
api1-1          | [API-1-worker-3] Successfully processed payment 9efd989f-07b1-409b-930b-83bd48739aa1
api1-1          | [API-1] Received payment request: c22465e8-6409-4a17-ae85-09c49bce90cd
api1-1          | [API-1] Successfully queued payment: c22465e8-6409-4a17-ae85-09c49bce90cd
api1-1          | [GIN] 2025/08/19 - 05:23:49 | 202 |      297.46µs |      172.20.0.6 | POST     "/payments"
api2-1          | [API-2-worker-2] Successfully processed payment c22465e8-6409-4a17-ae85-09c49bce90cd
api2-1          | [API-2] Received payment request: 3a5f88aa-791e-49e4-a1fa-2e09d4cab8fd
api2-1          | [API-2] Successfully queued payment: 3a5f88aa-791e-49e4-a1fa-2e09d4cab8fd
api2-1          | [GIN] 2025/08/19 - 05:23:49 | 202 |     328.021µs |      172.20.0.6 | POST     "/payments"
api1-1          | [API-1-worker-1] Successfully processed payment 3a5f88aa-791e-49e4-a1fa-2e09d4cab8fd
api1-1          | [API-1] Received payment request: 068edad3-9201-4cde-bb87-62194c9d11d6
api1-1          | [API-1] Successfully queued payment: 068edad3-9201-4cde-bb87-62194c9d11d6
api1-1          | [GIN] 2025/08/19 - 05:23:49 | 202 |     356.212µs |      172.20.0.6 | POST     "/payments"
api2-1          | [API-2-worker-3] Successfully processed payment 068edad3-9201-4cde-bb87-62194c9d11d6
api2-1          | [API-2] Received payment request: a5b340e6-aabc-4b09-8fd9-e2be9d3b8762
api2-1          | [API-2] Successfully queued payment: a5b340e6-aabc-4b09-8fd9-e2be9d3b8762
api2-1          | [GIN] 2025/08/19 - 05:23:49 | 202 |     329.071µs |      172.20.0.6 | POST     "/payments"
api1-1          | [API-1-worker-2] Successfully processed payment a5b340e6-aabc-4b09-8fd9-e2be9d3b8762
api1-1          | [API-1] Received payment request: ceae850b-f25c-456d-a2fa-6e37b868d044
api1-1          | [API-1] Successfully queued payment: ceae850b-f25c-456d-a2fa-6e37b868d044
api1-1          | [GIN] 2025/08/19 - 05:23:49 | 202 |     309.291µs |      172.20.0.6 | POST     "/payments"
api2-1          | [API-2-worker-0] Successfully processed payment ceae850b-f25c-456d-a2fa-6e37b868d044
api2-1          | [API-2] Received payment request: 06be3771-aaf5-4b3b-887c-45d1e90be274
api2-1          | [API-2] Successfully queued payment: 06be3771-aaf5-4b3b-887c-45d1e90be274
api2-1          | [GIN] 2025/08/19 - 05:23:49 | 202 |     342.971µs |      172.20.0.6 | POST     "/payments"
api1-1          | [API-1-worker-0] Successfully processed payment 06be3771-aaf5-4b3b-887c-45d1e90be274
api1-1          | [API-1] Received payment request: 441f7a85-de3c-4530-a265-3dcf754afe2c
api2-1          | [API-2] Received payment request: bb21e37b-d478-482e-a15d-ab2270470110
api1-1          | [API-1] Received payment request: 0f0d69d7-21f5-469b-a181-aac52f4a7674
api1-1          | [API-1] Successfully queued payment: 441f7a85-de3c-4530-a265-3dcf754afe2c
api1-1          | [GIN] 2025/08/19 - 05:23:49 | 202 |     357.582µs |      172.20.0.6 | POST     "/payments"
api2-1          | [API-2] Successfully queued payment: bb21e37b-d478-482e-a15d-ab2270470110
api2-1          | [GIN] 2025/08/19 - 05:23:49 | 202 |     719.734µs |      172.20.0.6 | POST     "/payments"
api1-1          | [API-1] Successfully queued payment: 0f0d69d7-21f5-469b-a181-aac52f4a7674
api1-1          | [GIN] 2025/08/19 - 05:23:49 | 202 |     568.419µs |      172.20.0.6 | POST     "/payments"
api1-1          | [API-1-worker-3] Successfully processed payment 0f0d69d7-21f5-469b-a181-aac52f4a7674
api1-1          | [API-1] Received payment request: 8a0034bf-f091-41d1-bcc3-88440d644a29
api2-1          | [API-2] Received payment request: a3449004-776c-497c-80c5-2512168c0d64
api1-1          | [API-1] Successfully queued payment: 8a0034bf-f091-41d1-bcc3-88440d644a29
api2-1          | [API-2] Successfully queued payment: a3449004-776c-497c-80c5-2512168c0d64
api2-1          | [GIN] 2025/08/19 - 05:23:49 | 202 |     588.821µs |      172.20.0.6 | POST     "/payments"
api1-1          | [GIN] 2025/08/19 - 05:23:49 | 202 |     604.111µs |      172.20.0.6 | POST     "/payments"
api2-1          | [API-2-worker-1] Successfully processed payment 441f7a85-de3c-4530-a265-3dcf754afe2c
api2-1          | [API-2-worker-3] Successfully processed payment a3449004-776c-497c-80c5-2512168c0d64
api1-1          | [API-1-worker-1] Successfully processed payment 8a0034bf-f091-41d1-bcc3-88440d644a29
api2-1          | [API-2] Received payment request: f3d6792d-7bd4-4b0a-a914-3bc9fa9eefa1
api2-1          | [API-2] Successfully queued payment: f3d6792d-7bd4-4b0a-a914-3bc9fa9eefa1
api2-1          | [GIN] 2025/08/19 - 05:23:50 | 202 |     553.449µs |      172.20.0.6 | POST     "/payments"
api1-1          | [API-1] Received payment request: 169be6e0-94fe-4262-a1f6-0e806df292ef
api1-1          | [API-1] Successfully queued payment: 169be6e0-94fe-4262-a1f6-0e806df292ef
api1-1          | [GIN] 2025/08/19 - 05:23:50 | 202 |     345.022µs |      172.20.0.6 | POST     "/payments"
api2-1          | [API-2-worker-2] Successfully processed payment bb21e37b-d478-482e-a15d-ab2270470110
api1-1          | [API-1-worker-2] Successfully processed payment f3d6792d-7bd4-4b0a-a914-3bc9fa9eefa1
api2-1          | [API-2-worker-0] Successfully processed payment 169be6e0-94fe-4262-a1f6-0e806df292ef
api1-1          | [API-1] Received payment request: a32a3e39-89a2-43ee-a39c-d5e3f29b07d2
api1-1          | [API-1] Successfully queued payment: a32a3e39-89a2-43ee-a39c-d5e3f29b07d2
api1-1          | [GIN] 2025/08/19 - 05:23:50 | 202 |     337.922µs |      172.20.0.6 | POST     "/payments"
api1-1          | [API-1-worker-0] Successfully processed payment a32a3e39-89a2-43ee-a39c-d5e3f29b07d2
api2-1          | [API-2] Received payment request: 3b3b8b00-3e28-41d8-a0d3-5de2dcf7572a
api2-1          | [API-2] Successfully queued payment: 3b3b8b00-3e28-41d8-a0d3-5de2dcf7572a
api2-1          | [GIN] 2025/08/19 - 05:23:50 | 202 |     497.797µs |      172.20.0.6 | POST     "/payments"
api2-1          | [API-2-worker-1] Successfully processed payment 3b3b8b00-3e28-41d8-a0d3-5de2dcf7572a
api2-1          | [API-2] Received payment request: 4cd5ab73-dee3-4220-92bb-0f8c72731bb1
api2-1          | [API-2] Successfully queued payment: 4cd5ab73-dee3-4220-92bb-0f8c72731bb1
api2-1          | [GIN] 2025/08/19 - 05:23:50 | 202 |     329.861µs |      172.20.0.6 | POST     "/payments"
api1-1          | [API-1-worker-3] Successfully processed payment 4cd5ab73-dee3-4220-92bb-0f8c72731bb1
api1-1          | [API-1] Received payment request: bbf55ea4-d66c-45aa-a955-bbadf6cddc7a
api1-1          | [API-1] Successfully queued payment: bbf55ea4-d66c-45aa-a955-bbadf6cddc7a
api1-1          | [GIN] 2025/08/19 - 05:23:50 | 202 |     354.492µs |      172.20.0.6 | POST     "/payments"
api2-1          | [API-2-worker-3] Successfully processed payment bbf55ea4-d66c-45aa-a955-bbadf6cddc7a
api2-1          | [API-2] Received payment request: 3450cf71-10ce-4cbf-863e-87dfe2d6ec37
api2-1          | [API-2] Successfully queued payment: 3450cf71-10ce-4cbf-863e-87dfe2d6ec37
api2-1          | [GIN] 2025/08/19 - 05:23:50 | 202 |      287.08µs |      172.20.0.6 | POST     "/payments"
api1-1          | [API-1-worker-1] Successfully processed payment 3450cf71-10ce-4cbf-863e-87dfe2d6ec37
api1-1          | [API-1] Received payment request: 8a9fcd12-e786-4455-9d76-14a072b657ee
api1-1          | [API-1] Successfully queued payment: 8a9fcd12-e786-4455-9d76-14a072b657ee
api1-1          | [GIN] 2025/08/19 - 05:23:50 | 202 |     349.232µs |      172.20.0.6 | POST     "/payments"
api2-1          | [API-2-worker-2] Successfully processed payment 8a9fcd12-e786-4455-9d76-14a072b657ee
api2-1          | [API-2] Received payment request: b8e67796-e03e-49b1-a9d0-3e4d1a00c0bf
api2-1          | [API-2] Successfully queued payment: b8e67796-e03e-49b1-a9d0-3e4d1a00c0bf
api2-1          | [GIN] 2025/08/19 - 05:23:50 | 202 |     327.181µs |      172.20.0.6 | POST     "/payments"
api1-1          | [API-1-worker-2] Successfully processed payment b8e67796-e03e-49b1-a9d0-3e4d1a00c0bf
api1-1          | [API-1] Received payment request: 5e269063-7109-404f-b8d2-bbee308c69de
api1-1          | [API-1] Successfully queued payment: 5e269063-7109-404f-b8d2-bbee308c69de
api1-1          | [GIN] 2025/08/19 - 05:23:50 | 202 |      302.74µs |      172.20.0.6 | POST     "/payments"
api2-1          | [API-2-worker-0] Successfully processed payment 5e269063-7109-404f-b8d2-bbee308c69de
api2-1          | [API-2] Received payment request: 359cc446-9b66-4279-8cc3-62248ff9f277
api2-1          | [API-2] Successfully queued payment: 359cc446-9b66-4279-8cc3-62248ff9f277
api2-1          | [GIN] 2025/08/19 - 05:23:50 | 202 |     330.391µs |      172.20.0.6 | POST     "/payments"
api1-1          | [API-1-worker-0] Successfully processed payment 359cc446-9b66-4279-8cc3-62248ff9f277
api1-1          | [API-1] Received payment request: 542334b0-71ce-4c9a-9211-cf1afc9e18c4
api1-1          | [API-1] Successfully queued payment: 542334b0-71ce-4c9a-9211-cf1afc9e18c4
api1-1          | [GIN] 2025/08/19 - 05:23:50 | 202 |     332.262µs |      172.20.0.6 | POST     "/payments"
api2-1          | [API-2-worker-1] Successfully processed payment 542334b0-71ce-4c9a-9211-cf1afc9e18c4
api2-1          | [API-2] Received payment request: f421b944-6ecd-46eb-9966-af94490b1188
api2-1          | [API-2] Successfully queued payment: f421b944-6ecd-46eb-9966-af94490b1188
api2-1          | [GIN] 2025/08/19 - 05:23:50 | 202 |     392.994µs |      172.20.0.6 | POST     "/payments"
api1-1          | [API-1] Received payment request: 56abc056-bff9-41f0-944a-4f6d61d67c2d
api1-1          | [API-1] Successfully queued payment: 56abc056-bff9-41f0-944a-4f6d61d67c2d
api1-1          | [GIN] 2025/08/19 - 05:23:50 | 202 |     405.614µs |      172.20.0.6 | POST     "/payments"
api1-1          | [API-1-worker-3] Successfully processed payment f421b944-6ecd-46eb-9966-af94490b1188
api2-1          | [API-2-worker-3] Successfully processed payment 56abc056-bff9-41f0-944a-4f6d61d67c2d
api2-1          | [API-2] Received payment request: 49f2090f-8545-4fcc-a00c-ec8c1fe9566e
api1-1          | [API-1] Received payment request: 904d2167-c1a4-403b-933e-9321fff5ba33
api1-1          | [API-1] Received payment request: 041e0d7a-b724-471b-8682-38e19a0441fb
api2-1          | [API-2] Successfully queued payment: 49f2090f-8545-4fcc-a00c-ec8c1fe9566e
api1-1          | [API-1] Successfully queued payment: 904d2167-c1a4-403b-933e-9321fff5ba33
api1-1          | [GIN] 2025/08/19 - 05:23:50 | 202 |     532.338µs |      172.20.0.6 | POST     "/payments"
api2-1          | [GIN] 2025/08/19 - 05:23:50 | 202 |     799.267µs |      172.20.0.6 | POST     "/payments"
api1-1          | [API-1] Successfully queued payment: 041e0d7a-b724-471b-8682-38e19a0441fb
api1-1          | [GIN] 2025/08/19 - 05:23:50 | 202 |    1.971837ms |      172.20.0.6 | POST     "/payments"
api1-1          | [API-1-worker-1] Successfully processed payment 904d2167-c1a4-403b-933e-9321fff5ba33
api2-1          | [API-2] Received payment request: ca730be1-c518-4e11-aaa6-3a4e9f50327c
api2-1          | [API-2-worker-2] Successfully processed payment 49f2090f-8545-4fcc-a00c-ec8c1fe9566e
api2-1          | [API-2] Successfully queued payment: ca730be1-c518-4e11-aaa6-3a4e9f50327c
api2-1          | [GIN] 2025/08/19 - 05:23:50 | 202 |     252.449µs |      172.20.0.6 | POST     "/payments"
api1-1          | [API-1-worker-2] Successfully processed payment 041e0d7a-b724-471b-8682-38e19a0441fb
api1-1          | [API-1] Received payment request: 2311969a-db3b-4c9f-b4e9-9750fc351c8e
api1-1          | [API-1] Successfully queued payment: 2311969a-db3b-4c9f-b4e9-9750fc351c8e
api1-1          | [GIN] 2025/08/19 - 05:23:50 | 202 |     407.894µs |      172.20.0.6 | POST     "/payments"
api2-1          | [API-2-worker-0] Successfully processed payment ca730be1-c518-4e11-aaa6-3a4e9f50327c
api1-1          | [API-1-worker-0] Successfully processed payment 2311969a-db3b-4c9f-b4e9-9750fc351c8e
api2-1          | [API-2] Received payment request: 16a78ed0-4898-4947-bf33-a7283b6c44e1
api2-1          | [API-2] Successfully queued payment: 16a78ed0-4898-4947-bf33-a7283b6c44e1
api2-1          | [GIN] 2025/08/19 - 05:23:51 | 202 |     332.202µs |      172.20.0.6 | POST     "/payments"
api1-1          | [API-1] Received payment request: e308e119-f4a5-4d92-a4e5-fc4911a1287c
api2-1          | [API-2-worker-1] Successfully processed payment 16a78ed0-4898-4947-bf33-a7283b6c44e1
api1-1          | [API-1] Successfully queued payment: e308e119-f4a5-4d92-a4e5-fc4911a1287c
api1-1          | [GIN] 2025/08/19 - 05:23:51 | 202 |     405.264µs |      172.20.0.6 | POST     "/payments"
api1-1          | [API-1-worker-3] Successfully processed payment e308e119-f4a5-4d92-a4e5-fc4911a1287c
api2-1          | [API-2] Received payment request: 06c5cf65-9bd0-4427-888e-6761592c015b
api2-1          | [API-2] Successfully queued payment: 06c5cf65-9bd0-4427-888e-6761592c015b
api2-1          | [GIN] 2025/08/19 - 05:23:51 | 202 |     403.664µs |      172.20.0.6 | POST     "/payments"
api2-1          | [API-2-worker-3] Successfully processed payment 06c5cf65-9bd0-4427-888e-6761592c015b
api2-1          | [API-2] Received payment request: 34cf16d4-44b6-46e2-9295-cb9c3bd325c0
api2-1          | [API-2] Successfully queued payment: 34cf16d4-44b6-46e2-9295-cb9c3bd325c0
api2-1          | [GIN] 2025/08/19 - 05:23:51 | 202 |     374.373µs |      172.20.0.6 | POST     "/payments"
api1-1          | [API-1-worker-1] Successfully processed payment 34cf16d4-44b6-46e2-9295-cb9c3bd325c0
api1-1          | [API-1] Received payment request: 6b8df46e-54c6-48a6-8c39-cfa0dcc682df
api1-1          | [API-1] Successfully queued payment: 6b8df46e-54c6-48a6-8c39-cfa0dcc682df
